Component: Arm Compiler for Embedded 6.18 Tool: armlink [5e4cc100]

==============================================================================

Section Cross References

    main.o(.ARM.exidx.text.main) refers to main.o(.text.main) for [Anonymous Symbol]
    irq_timer.o(.ARM.exidx.text.TIMER0_IRQHandler) refers to irq_timer.o(.text.TIMER0_IRQHandler) for [Anonymous Symbol]
    irq_timer.o(.ARM.exidx.text.TIMER1_IRQHandler) refers to irq_timer.o(.text.TIMER1_IRQHandler) for [Anonymous Symbol]
    irq_timer.o(.ARM.exidx.text.TIMER2_IRQHandler) refers to irq_timer.o(.text.TIMER2_IRQHandler) for [Anonymous Symbol]
    irq_timer.o(.text.TIMER3_IRQHandler) refers to lib_timer.o(.bss.tick) for tick
    irq_timer.o(.ARM.exidx.text.TIMER3_IRQHandler) refers to irq_timer.o(.text.TIMER3_IRQHandler) for [Anonymous Symbol]
    lib_timer.o(.ARM.exidx.text.enable_timer) refers to lib_timer.o(.text.enable_timer) for [Anonymous Symbol]
    lib_timer.o(.ARM.exidx.text.read_timer) refers to lib_timer.o(.text.read_timer) for [Anonymous Symbol]
    lib_timer.o(.ARM.exidx.text.disable_timer) refers to lib_timer.o(.text.disable_timer) for [Anonymous Symbol]
    lib_timer.o(.ARM.exidx.text.reset_timer) refers to lib_timer.o(.text.reset_timer) for [Anonymous Symbol]
    lib_timer.o(.text.init_timer_SRI) refers to lib_timer.o(.text.__NVIC_EnableIRQ) for __NVIC_EnableIRQ
    lib_timer.o(.ARM.exidx.text.init_timer_SRI) refers to lib_timer.o(.text.init_timer_SRI) for [Anonymous Symbol]
    lib_timer.o(.ARM.exidx.text.__NVIC_EnableIRQ) refers to lib_timer.o(.text.__NVIC_EnableIRQ) for [Anonymous Symbol]
    lib_timer.o(.text.delay_ms) refers to lib_timer.o(.bss.tick) for tick
    lib_timer.o(.ARM.exidx.text.delay_ms) refers to lib_timer.o(.text.delay_ms) for [Anonymous Symbol]
    irq_button.o(.ARM.exidx.text.EINT0_IRQHandler) refers to irq_button.o(.text.EINT0_IRQHandler) for [Anonymous Symbol]
    irq_button.o(.ARM.exidx.text.EINT1_IRQHandler) refers to irq_button.o(.text.EINT1_IRQHandler) for [Anonymous Symbol]
    irq_button.o(.ARM.exidx.text.EINT2_IRQHandler) refers to irq_button.o(.text.EINT2_IRQHandler) for [Anonymous Symbol]
    lib_button.o(.text.BUTTON_init) refers to lib_button.o(.text.__NVIC_EnableIRQ) for __NVIC_EnableIRQ
    lib_button.o(.ARM.exidx.text.BUTTON_init) refers to lib_button.o(.text.BUTTON_init) for [Anonymous Symbol]
    lib_button.o(.ARM.exidx.text.__NVIC_EnableIRQ) refers to lib_button.o(.text.__NVIC_EnableIRQ) for [Anonymous Symbol]
    funct_led.o(.text.LED_On) refers to funct_led.o(.rodata.led_mask) for led_mask
    funct_led.o(.text.LED_On) refers to lib_led.o(.bss.led_value) for led_value
    funct_led.o(.ARM.exidx.text.LED_On) refers to funct_led.o(.text.LED_On) for [Anonymous Symbol]
    funct_led.o(.text.LED_Off) refers to funct_led.o(.rodata.led_mask) for led_mask
    funct_led.o(.text.LED_Off) refers to lib_led.o(.bss.led_value) for led_value
    funct_led.o(.ARM.exidx.text.LED_Off) refers to funct_led.o(.text.LED_Off) for [Anonymous Symbol]
    funct_led.o(.text.LED_Out) refers to funct_led.o(.text.LED_On) for LED_On
    funct_led.o(.text.LED_Out) refers to funct_led.o(.text.LED_Off) for LED_Off
    funct_led.o(.text.LED_Out) refers to lib_led.o(.bss.led_value) for led_value
    funct_led.o(.ARM.exidx.text.LED_Out) refers to funct_led.o(.text.LED_Out) for [Anonymous Symbol]
    lib_led.o(.text.LED_init) refers to lib_led.o(.bss.led_value) for led_value
    lib_led.o(.ARM.exidx.text.LED_init) refers to lib_led.o(.text.LED_init) for [Anonymous Symbol]
    lib_led.o(.ARM.exidx.text.LED_deinit) refers to lib_led.o(.text.LED_deinit) for [Anonymous Symbol]
    lib_joystick.o(.ARM.exidx.text.joystick_init) refers to lib_joystick.o(.text.joystick_init) for [Anonymous Symbol]
    irq_rit.o(.ARM.exidx.text.RIT_IRQHandler) refers to irq_rit.o(.text.RIT_IRQHandler) for [Anonymous Symbol]
    lib_rit.o(.ARM.exidx.text.enable_RIT) refers to lib_rit.o(.text.enable_RIT) for [Anonymous Symbol]
    lib_rit.o(.ARM.exidx.text.disable_RIT) refers to lib_rit.o(.text.disable_RIT) for [Anonymous Symbol]
    lib_rit.o(.ARM.exidx.text.reset_RIT) refers to lib_rit.o(.text.reset_RIT) for [Anonymous Symbol]
    lib_rit.o(.text.init_RIT) refers to lib_rit.o(.text.__NVIC_EnableIRQ) for __NVIC_EnableIRQ
    lib_rit.o(.ARM.exidx.text.init_RIT) refers to lib_rit.o(.text.init_RIT) for [Anonymous Symbol]
    lib_rit.o(.ARM.exidx.text.__NVIC_EnableIRQ) refers to lib_rit.o(.text.__NVIC_EnableIRQ) for [Anonymous Symbol]
    irq_adc.o(.text.ADC_IRQHandler) refers to irq_adc.o(.bss.AD_current) for AD_current
    irq_adc.o(.ARM.exidx.text.ADC_IRQHandler) refers to irq_adc.o(.text.ADC_IRQHandler) for [Anonymous Symbol]
    lib_adc.o(.text.ADC_init) refers to lib_adc.o(.text.__NVIC_EnableIRQ) for __NVIC_EnableIRQ
    lib_adc.o(.ARM.exidx.text.ADC_init) refers to lib_adc.o(.text.ADC_init) for [Anonymous Symbol]
    lib_adc.o(.ARM.exidx.text.__NVIC_EnableIRQ) refers to lib_adc.o(.text.__NVIC_EnableIRQ) for [Anonymous Symbol]
    lib_adc.o(.ARM.exidx.text.ADC_start_conversion) refers to lib_adc.o(.text.ADC_start_conversion) for [Anonymous Symbol]
    asciilib.o(.text.GetASCIICode) refers to asciilib.o(.rodata.AsciiLib) for AsciiLib
    asciilib.o(.ARM.exidx.text.GetASCIICode) refers to asciilib.o(.text.GetASCIICode) for [Anonymous Symbol]
    glcd.o(.text.LCD_Initialization) refers to glcd.o(.text.LCD_Configuration) for LCD_Configuration
    glcd.o(.text.LCD_Initialization) refers to glcd.o(.text.delay_ms) for delay_ms
    glcd.o(.text.LCD_Initialization) refers to glcd.o(.text.wait_delay) for wait_delay
    glcd.o(.text.LCD_Initialization) refers to glcd.o(.bss.LCD_Code) for LCD_Code
    glcd.o(.ARM.exidx.text.LCD_Initialization) refers to glcd.o(.text.LCD_Initialization) for [Anonymous Symbol]
    glcd.o(.ARM.exidx.text.LCD_Configuration) refers to glcd.o(.text.LCD_Configuration) for [Anonymous Symbol]
    glcd.o(.ARM.exidx.text.delay_ms) refers to glcd.o(.text.delay_ms) for [Anonymous Symbol]
    glcd.o(.text.LCD_Clear) refers to glcd.o(.bss.LCD_Code) for LCD_Code
    glcd.o(.text.LCD_Clear) refers to glcd.o(.text.wait_delay) for wait_delay
    glcd.o(.text.LCD_Clear) refers to glcd.o(.text.LCD_SetCursor) for LCD_SetCursor
    glcd.o(.ARM.exidx.text.LCD_Clear) refers to glcd.o(.text.LCD_Clear) for [Anonymous Symbol]
    glcd.o(.text.LCD_SetCursor) refers to glcd.o(.bss.LCD_Code) for LCD_Code
    glcd.o(.text.LCD_SetCursor) refers to glcd.o(.text.wait_delay) for wait_delay
    glcd.o(.ARM.exidx.text.LCD_SetCursor) refers to glcd.o(.text.LCD_SetCursor) for [Anonymous Symbol]
    glcd.o(.text.LCD_GetPoint) refers to glcd.o(.text.LCD_SetCursor) for LCD_SetCursor
    glcd.o(.text.LCD_GetPoint) refers to glcd.o(.text.wait_delay) for wait_delay
    glcd.o(.text.LCD_GetPoint) refers to glcd.o(.bss.LCD_Code) for LCD_Code
    glcd.o(.text.LCD_GetPoint) refers to glcd.o(.text.LCD_BGR2RGB) for LCD_BGR2RGB
    glcd.o(.ARM.exidx.text.LCD_GetPoint) refers to glcd.o(.text.LCD_GetPoint) for [Anonymous Symbol]
    glcd.o(.ARM.exidx.text.LCD_BGR2RGB) refers to glcd.o(.text.LCD_BGR2RGB) for [Anonymous Symbol]
    glcd.o(.text.LCD_SetPoint) refers to glcd.o(.text.LCD_SetCursor) for LCD_SetCursor
    glcd.o(.text.LCD_SetPoint) refers to glcd.o(.text.wait_delay) for wait_delay
    glcd.o(.ARM.exidx.text.LCD_SetPoint) refers to glcd.o(.text.LCD_SetPoint) for [Anonymous Symbol]
    glcd.o(.text.LCD_DrawLine) refers to glcd.o(.text.LCD_SetPoint) for LCD_SetPoint
    glcd.o(.ARM.exidx.text.LCD_DrawLine) refers to glcd.o(.text.LCD_DrawLine) for [Anonymous Symbol]
    glcd.o(.text.PutChar) refers to asciilib.o(.text.GetASCIICode) for GetASCIICode
    glcd.o(.text.PutChar) refers to glcd.o(.text.LCD_SetPoint) for LCD_SetPoint
    glcd.o(.ARM.exidx.text.PutChar) refers to glcd.o(.text.PutChar) for [Anonymous Symbol]
    glcd.o(.text.GUI_Text) refers to glcd.o(.text.PutChar) for PutChar
    glcd.o(.ARM.exidx.text.GUI_Text) refers to glcd.o(.text.GUI_Text) for [Anonymous Symbol]
    glcd.o(.ARM.exidx.text.wait_delay) refers to glcd.o(.text.wait_delay) for [Anonymous Symbol]
    hzlib.o(.text.GetGBKCode) refers to hzlib.o(.rodata.HzLib) for HzLib
    hzlib.o(.text.GetGBKCode) refers to rt_memcpy_v6.o(.text) for __aeabi_memcpy
    hzlib.o(.ARM.exidx.text.GetGBKCode) refers to hzlib.o(.text.GetGBKCode) for [Anonymous Symbol]
    touchpanel.o(.ARM.exidx.text.LPC17xx_SPI_SetSpeed) refers to touchpanel.o(.text.LPC17xx_SPI_SetSpeed) for [Anonymous Symbol]
    touchpanel.o(.text.TP_Init) refers to touchpanel.o(.text.ADS7843_SPI_Init) for ADS7843_SPI_Init
    touchpanel.o(.ARM.exidx.text.TP_Init) refers to touchpanel.o(.text.TP_Init) for [Anonymous Symbol]
    touchpanel.o(.text.ADS7843_SPI_Init) refers to touchpanel.o(.text.LPC17xx_SPI_SetSpeed) for LPC17xx_SPI_SetSpeed
    touchpanel.o(.ARM.exidx.text.ADS7843_SPI_Init) refers to touchpanel.o(.text.ADS7843_SPI_Init) for [Anonymous Symbol]
    touchpanel.o(.text.Read_X) refers to touchpanel.o(.text.DelayUS) for DelayUS
    touchpanel.o(.text.Read_X) refers to touchpanel.o(.text.WR_CMD) for WR_CMD
    touchpanel.o(.text.Read_X) refers to touchpanel.o(.text.RD_AD) for RD_AD
    touchpanel.o(.ARM.exidx.text.Read_X) refers to touchpanel.o(.text.Read_X) for [Anonymous Symbol]
    touchpanel.o(.ARM.exidx.text.DelayUS) refers to touchpanel.o(.text.DelayUS) for [Anonymous Symbol]
    touchpanel.o(.ARM.exidx.text.WR_CMD) refers to touchpanel.o(.text.WR_CMD) for [Anonymous Symbol]
    touchpanel.o(.text.RD_AD) refers to touchpanel.o(.text.WR_CMD) for WR_CMD
    touchpanel.o(.text.RD_AD) refers to touchpanel.o(.text.DelayUS) for DelayUS
    touchpanel.o(.ARM.exidx.text.RD_AD) refers to touchpanel.o(.text.RD_AD) for [Anonymous Symbol]
    touchpanel.o(.text.Read_Y) refers to touchpanel.o(.text.DelayUS) for DelayUS
    touchpanel.o(.text.Read_Y) refers to touchpanel.o(.text.WR_CMD) for WR_CMD
    touchpanel.o(.text.Read_Y) refers to touchpanel.o(.text.RD_AD) for RD_AD
    touchpanel.o(.ARM.exidx.text.Read_Y) refers to touchpanel.o(.text.Read_Y) for [Anonymous Symbol]
    touchpanel.o(.text.TP_GetAdXY) refers to touchpanel.o(.text.Read_X) for Read_X
    touchpanel.o(.text.TP_GetAdXY) refers to touchpanel.o(.text.DelayUS) for DelayUS
    touchpanel.o(.text.TP_GetAdXY) refers to touchpanel.o(.text.Read_Y) for Read_Y
    touchpanel.o(.ARM.exidx.text.TP_GetAdXY) refers to touchpanel.o(.text.TP_GetAdXY) for [Anonymous Symbol]
    touchpanel.o(.text.TP_DrawPoint) refers to glcd.o(.text.LCD_SetPoint) for LCD_SetPoint
    touchpanel.o(.ARM.exidx.text.TP_DrawPoint) refers to touchpanel.o(.text.TP_DrawPoint) for [Anonymous Symbol]
    touchpanel.o(.text.DrawCross) refers to glcd.o(.text.LCD_DrawLine) for LCD_DrawLine
    touchpanel.o(.ARM.exidx.text.DrawCross) refers to touchpanel.o(.text.DrawCross) for [Anonymous Symbol]
    touchpanel.o(.text.DeleteCross) refers to glcd.o(.text.LCD_DrawLine) for LCD_DrawLine
    touchpanel.o(.ARM.exidx.text.DeleteCross) refers to touchpanel.o(.text.DeleteCross) for [Anonymous Symbol]
    touchpanel.o(.text.Read_Ads7846) refers to rt_memclr_w.o(.text) for __aeabi_memclr4
    touchpanel.o(.text.Read_Ads7846) refers to touchpanel.o(.text.TP_GetAdXY) for TP_GetAdXY
    touchpanel.o(.text.Read_Ads7846) refers to touchpanel.o(.bss.Read_Ads7846.screen) for Read_Ads7846.screen
    touchpanel.o(.ARM.exidx.text.Read_Ads7846) refers to touchpanel.o(.text.Read_Ads7846) for [Anonymous Symbol]
    touchpanel.o(.text.setCalibrationMatrix) refers to dflt_clz.o(x$fpl$dflt) for __aeabi_i2d
    touchpanel.o(.text.setCalibrationMatrix) refers to dcmp.o(x$fpl$fcmp) for __aeabi_dcmpeq
    touchpanel.o(.ARM.exidx.text.setCalibrationMatrix) refers to touchpanel.o(.text.setCalibrationMatrix) for [Anonymous Symbol]
    touchpanel.o(.text.getDisplayPoint) refers to dcmp.o(x$fpl$fcmp) for __aeabi_dcmpeq
    touchpanel.o(.text.getDisplayPoint) refers to dflt_clz.o(x$fpl$dflt) for __aeabi_i2d
    touchpanel.o(.text.getDisplayPoint) refers to dmul.o(x$fpl$dmul) for __aeabi_dmul
    touchpanel.o(.text.getDisplayPoint) refers to daddsub_clz.o(x$fpl$dadd) for __aeabi_dadd
    touchpanel.o(.text.getDisplayPoint) refers to ddiv.o(x$fpl$ddiv) for __aeabi_ddiv
    touchpanel.o(.text.getDisplayPoint) refers to dfix.o(x$fpl$dfix) for __aeabi_d2iz
    touchpanel.o(.ARM.exidx.text.getDisplayPoint) refers to touchpanel.o(.text.getDisplayPoint) for [Anonymous Symbol]
    touchpanel.o(.text.TouchPanel_Calibrate) refers to glcd.o(.text.LCD_Clear) for LCD_Clear
    touchpanel.o(.text.TouchPanel_Calibrate) refers to touchpanel.o(.rodata.str1.1) for .L.str
    touchpanel.o(.text.TouchPanel_Calibrate) refers to glcd.o(.text.GUI_Text) for GUI_Text
    touchpanel.o(.text.TouchPanel_Calibrate) refers to touchpanel.o(.text.DelayUS) for DelayUS
    touchpanel.o(.text.TouchPanel_Calibrate) refers to touchpanel.o(.data.DisplaySample) for DisplaySample
    touchpanel.o(.text.TouchPanel_Calibrate) refers to touchpanel.o(.text.DrawCross) for DrawCross
    touchpanel.o(.text.TouchPanel_Calibrate) refers to touchpanel.o(.text.Read_Ads7846) for Read_Ads7846
    touchpanel.o(.text.TouchPanel_Calibrate) refers to touchpanel.o(.bss.ScreenSample) for ScreenSample
    touchpanel.o(.text.TouchPanel_Calibrate) refers to touchpanel.o(.text.DeleteCross) for DeleteCross
    touchpanel.o(.text.TouchPanel_Calibrate) refers to touchpanel.o(.bss.matrix) for matrix
    touchpanel.o(.text.TouchPanel_Calibrate) refers to touchpanel.o(.text.setCalibrationMatrix) for setCalibrationMatrix
    touchpanel.o(.ARM.exidx.text.TouchPanel_Calibrate) refers to touchpanel.o(.text.TouchPanel_Calibrate) for [Anonymous Symbol]
    dac.o(.ARM.exidx.text.DAC_init) refers to dac.o(.text.DAC_init) for [Anonymous Symbol]
    dac.o(.ARM.exidx.text.DAC_write) refers to dac.o(.text.DAC_write) for [Anonymous Symbol]
    startup_lpc17xx.o(STACK) refers (Special) to heapauxi.o(.text) for __use_two_region_memory
    startup_lpc17xx.o(HEAP) refers (Special) to heapauxi.o(.text) for __use_two_region_memory
    startup_lpc17xx.o(RESET) refers (Special) to heapauxi.o(.text) for __use_two_region_memory
    startup_lpc17xx.o(RESET) refers to startup_lpc17xx.o(STACK) for __initial_sp
    startup_lpc17xx.o(RESET) refers to startup_lpc17xx.o(.text) for Reset_Handler
    startup_lpc17xx.o(RESET) refers to irq_timer.o(.text.TIMER0_IRQHandler) for TIMER0_IRQHandler
    startup_lpc17xx.o(RESET) refers to irq_timer.o(.text.TIMER1_IRQHandler) for TIMER1_IRQHandler
    startup_lpc17xx.o(RESET) refers to irq_timer.o(.text.TIMER2_IRQHandler) for TIMER2_IRQHandler
    startup_lpc17xx.o(RESET) refers to irq_timer.o(.text.TIMER3_IRQHandler) for TIMER3_IRQHandler
    startup_lpc17xx.o(RESET) refers to irq_button.o(.text.EINT0_IRQHandler) for EINT0_IRQHandler
    startup_lpc17xx.o(RESET) refers to irq_button.o(.text.EINT1_IRQHandler) for EINT1_IRQHandler
    startup_lpc17xx.o(RESET) refers to irq_button.o(.text.EINT2_IRQHandler) for EINT2_IRQHandler
    startup_lpc17xx.o(RESET) refers to irq_adc.o(.text.ADC_IRQHandler) for ADC_IRQHandler
    startup_lpc17xx.o(RESET) refers to irq_rit.o(.text.RIT_IRQHandler) for RIT_IRQHandler
    startup_lpc17xx.o(.ARM.__at_0x02FC) refers (Special) to heapauxi.o(.text) for __use_two_region_memory
    startup_lpc17xx.o(initialMap) refers (Special) to heapauxi.o(.text) for __use_two_region_memory
    startup_lpc17xx.o(currentMap) refers (Special) to heapauxi.o(.text) for __use_two_region_memory
    startup_lpc17xx.o(.text) refers (Special) to heapauxi.o(.text) for __use_two_region_memory
    startup_lpc17xx.o(.text) refers to my_code.o(MY_CODE) for depthFirstSearch
    startup_lpc17xx.o(.text) refers to startup_lpc17xx.o(initialMap) for maze
    startup_lpc17xx.o(.text) refers to startup_lpc17xx.o(currentMap) for maze_filled
    startup_lpc17xx.o(.text) refers to startup_lpc17xx.o(HEAP) for Heap_Mem
    startup_lpc17xx.o(.text) refers to startup_lpc17xx.o(STACK) for Stack_Mem
    system_lpc17xx.o(.text.SystemCoreClockUpdate) refers to lludivv7m.o(.text) for __aeabi_uldivmod
    system_lpc17xx.o(.text.SystemCoreClockUpdate) refers to system_lpc17xx.o(.data.SystemCoreClock) for SystemCoreClock
    system_lpc17xx.o(.ARM.exidx.text.SystemCoreClockUpdate) refers to system_lpc17xx.o(.text.SystemCoreClockUpdate) for [Anonymous Symbol]
    system_lpc17xx.o(.ARM.exidx.text.SystemInit) refers to system_lpc17xx.o(.text.SystemInit) for [Anonymous Symbol]
    rt_memcpy_v6.o(.text) refers to rt_memcpy_w.o(.text) for __aeabi_memcpy4
    __main.o(!!!main) refers to __rtentry.o(.ARM.Collect$$rtentry$$00000000) for __rt_entry
    daddsub_clz.o(x$fpl$dadd) refers (Special) to usenofp.o(x$fpl$usenofp) for __I$use$fp
    daddsub_clz.o(x$fpl$dadd) refers to daddsub_clz.o(x$fpl$dsub) for _dsub1
    daddsub_clz.o(x$fpl$dadd) refers to dretinf.o(x$fpl$dretinf) for __fpl_dretinf
    daddsub_clz.o(x$fpl$dadd) refers to dnaninf.o(x$fpl$dnaninf) for __fpl_dnaninf
    daddsub_clz.o(x$fpl$drsb) refers (Special) to usenofp.o(x$fpl$usenofp) for __I$use$fp
    daddsub_clz.o(x$fpl$drsb) refers to daddsub_clz.o(x$fpl$dadd) for _dadd1
    daddsub_clz.o(x$fpl$drsb) refers to daddsub_clz.o(x$fpl$dsub) for _dsub1
    daddsub_clz.o(x$fpl$dsub) refers (Special) to usenofp.o(x$fpl$usenofp) for __I$use$fp
    daddsub_clz.o(x$fpl$dsub) refers to daddsub_clz.o(x$fpl$dadd) for _dadd1
    daddsub_clz.o(x$fpl$dsub) refers to dnaninf.o(x$fpl$dnaninf) for __fpl_dnaninf
    dcmp.o(x$fpl$fcmp) refers (Special) to usenofp.o(x$fpl$usenofp) for __I$use$fp
    dcmp.o(x$fpl$fcmp) refers to deqf.o(x$fpl$deqf) for _dcmpeq
    dcmp.o(x$fpl$fcmp) refers to dgeqf.o(x$fpl$dgeqf) for _dcmpge
    dcmp.o(x$fpl$fcmp) refers to dleqf.o(x$fpl$dleqf) for _dcmple
    ddiv.o(x$fpl$drdiv) refers (Special) to usenofp.o(x$fpl$usenofp) for __I$use$fp
    ddiv.o(x$fpl$drdiv) refers to ddiv.o(x$fpl$ddiv) for ddiv_entry
    ddiv.o(x$fpl$ddiv) refers (Special) to usenofp.o(x$fpl$usenofp) for __I$use$fp
    ddiv.o(x$fpl$ddiv) refers to dretinf.o(x$fpl$dretinf) for __fpl_dretinf
    ddiv.o(x$fpl$ddiv) refers to dnaninf.o(x$fpl$dnaninf) for __fpl_dnaninf
    dfix.o(x$fpl$dfix) refers (Special) to usenofp.o(x$fpl$usenofp) for __I$use$fp
    dfix.o(x$fpl$dfix) refers to dnaninf.o(x$fpl$dnaninf) for __fpl_dnaninf
    dfix.o(x$fpl$dfixr) refers (Special) to usenofp.o(x$fpl$usenofp) for __I$use$fp
    dfix.o(x$fpl$dfixr) refers to dnaninf.o(x$fpl$dnaninf) for __fpl_dnaninf
    dflt_clz.o(x$fpl$dfltu) refers (Special) to usenofp.o(x$fpl$usenofp) for __I$use$fp
    dflt_clz.o(x$fpl$dflt) refers (Special) to usenofp.o(x$fpl$usenofp) for __I$use$fp
    dflt_clz.o(x$fpl$dfltn) refers (Special) to usenofp.o(x$fpl$usenofp) for __I$use$fp
    dmul.o(x$fpl$dmul) refers (Special) to usenofp.o(x$fpl$usenofp) for __I$use$fp
    dmul.o(x$fpl$dmul) refers to dretinf.o(x$fpl$dretinf) for __fpl_dretinf
    dmul.o(x$fpl$dmul) refers to dnaninf.o(x$fpl$dnaninf) for __fpl_dnaninf
    __rtentry.o(.ARM.Collect$$rtentry$$00000000) refers (Special) to __rtentry2.o(.ARM.Collect$$rtentry$$0000000A) for __rt_entry_li
    __rtentry.o(.ARM.Collect$$rtentry$$00000000) refers (Special) to __rtentry2.o(.ARM.Collect$$rtentry$$0000000D) for __rt_entry_main
    __rtentry.o(.ARM.Collect$$rtentry$$00000000) refers (Special) to __rtentry2.o(.ARM.Collect$$rtentry$$0000000C) for __rt_entry_postli_1
    __rtentry.o(.ARM.Collect$$rtentry$$00000000) refers (Special) to __rtentry2.o(.ARM.Collect$$rtentry$$00000009) for __rt_entry_postsh_1
    __rtentry.o(.ARM.Collect$$rtentry$$00000000) refers (Special) to __rtentry2.o(.ARM.Collect$$rtentry$$00000002) for __rt_entry_presh_1
    __rtentry.o(.ARM.Collect$$rtentry$$00000000) refers (Special) to __rtentry4.o(.ARM.Collect$$rtentry$$00000004) for __rt_entry_sh
    aeabi_ldiv0_sigfpe.o(.text) refers to rt_div0.o(.text) for __rt_div0
    deqf.o(x$fpl$deqf) refers (Special) to usenofp.o(x$fpl$usenofp) for __I$use$fp
    deqf.o(x$fpl$deqf) refers to dnaninf.o(x$fpl$dnaninf) for __fpl_dnaninf
    deqf.o(x$fpl$deqf) refers to dcmpi.o(x$fpl$dcmpinf) for __fpl_dcmp_Inf
    dgeqf.o(x$fpl$dgeqf) refers (Special) to usenofp.o(x$fpl$usenofp) for __I$use$fp
    dgeqf.o(x$fpl$dgeqf) refers to dnaninf.o(x$fpl$dnaninf) for __fpl_dnaninf
    dgeqf.o(x$fpl$dgeqf) refers to dcmpi.o(x$fpl$dcmpinf) for __fpl_dcmp_Inf
    dleqf.o(x$fpl$dleqf) refers (Special) to usenofp.o(x$fpl$usenofp) for __I$use$fp
    dleqf.o(x$fpl$dleqf) refers to dnaninf.o(x$fpl$dnaninf) for __fpl_dnaninf
    dleqf.o(x$fpl$dleqf) refers to dcmpi.o(x$fpl$dcmpinf) for __fpl_dcmp_Inf
    dnaninf.o(x$fpl$dnaninf) refers (Special) to usenofp.o(x$fpl$usenofp) for __I$use$fp
    dretinf.o(x$fpl$dretinf) refers (Special) to usenofp.o(x$fpl$usenofp) for __I$use$fp
    __rtentry2.o(.ARM.Collect$$rtentry$$00000008) refers to boardinit2.o(.text) for _platform_post_stackheap_init
    __rtentry2.o(.ARM.Collect$$rtentry$$0000000A) refers to libinit.o(.ARM.Collect$$libinit$$00000000) for __rt_lib_init
    __rtentry2.o(.ARM.Collect$$rtentry$$0000000B) refers to boardinit3.o(.text) for _platform_post_lib_init
    __rtentry2.o(.ARM.Collect$$rtentry$$0000000D) refers to main.o(.text.main) for main
    __rtentry2.o(.ARM.Collect$$rtentry$$0000000D) refers to exit.o(.text) for exit
    __rtentry2.o(.ARM.exidx) refers to __rtentry2.o(.ARM.Collect$$rtentry$$00000001) for .ARM.Collect$$rtentry$$00000001
    __rtentry2.o(.ARM.exidx) refers to __rtentry2.o(.ARM.Collect$$rtentry$$00000008) for .ARM.Collect$$rtentry$$00000008
    __rtentry2.o(.ARM.exidx) refers to __rtentry2.o(.ARM.Collect$$rtentry$$0000000A) for .ARM.Collect$$rtentry$$0000000A
    __rtentry2.o(.ARM.exidx) refers to __rtentry2.o(.ARM.Collect$$rtentry$$0000000B) for .ARM.Collect$$rtentry$$0000000B
    __rtentry2.o(.ARM.exidx) refers to __rtentry2.o(.ARM.Collect$$rtentry$$0000000D) for .ARM.Collect$$rtentry$$0000000D
    __rtentry4.o(.ARM.Collect$$rtentry$$00000004) refers to sys_stackheap_outer.o(.text) for __user_setup_stackheap
    __rtentry4.o(.ARM.exidx) refers to __rtentry4.o(.ARM.Collect$$rtentry$$00000004) for .ARM.Collect$$rtentry$$00000004
    rt_div0.o(.text) refers to defsig_fpe_outer.o(.text) for __rt_SIGFPE
    dcmpi.o(x$fpl$dcmpinf) refers (Special) to usenofp.o(x$fpl$usenofp) for __I$use$fp
    sys_stackheap_outer.o(.text) refers to libspace.o(.text) for __user_perproc_libspace
    sys_stackheap_outer.o(.text) refers to startup_lpc17xx.o(.text) for __user_initial_stackheap
    exit.o(.text) refers to rtexit.o(.ARM.Collect$$rtexit$$00000000) for __rt_exit
    defsig_fpe_outer.o(.text) refers to defsig_fpe_inner.o(.text) for __rt_SIGFPE_inner
    defsig_fpe_outer.o(.text) refers to defsig_exit.o(.text) for __sig_exit
    defsig_fpe_formal.o(.text) refers to rt_raise.o(.text) for __rt_raise
    libinit.o(.ARM.Collect$$libinit$$00000000) refers (Special) to libinit2.o(.ARM.Collect$$libinit$$00000030) for __rt_lib_init_alloca_1
    libinit.o(.ARM.Collect$$libinit$$00000000) refers (Special) to libinit2.o(.ARM.Collect$$libinit$$0000002E) for __rt_lib_init_argv_1
    libinit.o(.ARM.Collect$$libinit$$00000000) refers (Special) to libinit2.o(.ARM.Collect$$libinit$$0000001D) for __rt_lib_init_atexit_1
    libinit.o(.ARM.Collect$$libinit$$00000000) refers (Special) to libinit2.o(.ARM.Collect$$libinit$$00000023) for __rt_lib_init_clock_1
    libinit.o(.ARM.Collect$$libinit$$00000000) refers (Special) to libinit2.o(.ARM.Collect$$libinit$$00000034) for __rt_lib_init_cpp_1
    libinit.o(.ARM.Collect$$libinit$$00000000) refers (Special) to libinit2.o(.ARM.Collect$$libinit$$00000032) for __rt_lib_init_exceptions_1
    libinit.o(.ARM.Collect$$libinit$$00000000) refers (Special) to libinit2.o(.ARM.Collect$$libinit$$00000002) for __rt_lib_init_fp_1
    libinit.o(.ARM.Collect$$libinit$$00000000) refers (Special) to libinit2.o(.ARM.Collect$$libinit$$00000021) for __rt_lib_init_fp_trap_1
    libinit.o(.ARM.Collect$$libinit$$00000000) refers (Special) to libinit2.o(.ARM.Collect$$libinit$$00000025) for __rt_lib_init_getenv_1
    libinit.o(.ARM.Collect$$libinit$$00000000) refers (Special) to libinit2.o(.ARM.Collect$$libinit$$0000000C) for __rt_lib_init_heap_1
    libinit.o(.ARM.Collect$$libinit$$00000000) refers (Special) to libinit2.o(.ARM.Collect$$libinit$$00000013) for __rt_lib_init_lc_collate_1
    libinit.o(.ARM.Collect$$libinit$$00000000) refers (Special) to libinit2.o(.ARM.Collect$$libinit$$00000015) for __rt_lib_init_lc_ctype_1
    libinit.o(.ARM.Collect$$libinit$$00000000) refers (Special) to libinit2.o(.ARM.Collect$$libinit$$00000017) for __rt_lib_init_lc_monetary_1
    libinit.o(.ARM.Collect$$libinit$$00000000) refers (Special) to libinit2.o(.ARM.Collect$$libinit$$00000019) for __rt_lib_init_lc_numeric_1
    libinit.o(.ARM.Collect$$libinit$$00000000) refers (Special) to libinit2.o(.ARM.Collect$$libinit$$0000001B) for __rt_lib_init_lc_time_1
    libinit.o(.ARM.Collect$$libinit$$00000000) refers (Special) to libinit2.o(.ARM.Collect$$libinit$$00000006) for __rt_lib_init_preinit_1
    libinit.o(.ARM.Collect$$libinit$$00000000) refers (Special) to libinit2.o(.ARM.Collect$$libinit$$00000010) for __rt_lib_init_rand_1
    libinit.o(.ARM.Collect$$libinit$$00000000) refers (Special) to libinit2.o(.ARM.Collect$$libinit$$00000004) for __rt_lib_init_relocate_pie_1
    libinit.o(.ARM.Collect$$libinit$$00000000) refers (Special) to libinit2.o(.ARM.Collect$$libinit$$00000035) for __rt_lib_init_return
    libinit.o(.ARM.Collect$$libinit$$00000000) refers (Special) to libinit2.o(.ARM.Collect$$libinit$$0000001F) for __rt_lib_init_signal_1
    libinit.o(.ARM.Collect$$libinit$$00000000) refers (Special) to libinit2.o(.ARM.Collect$$libinit$$00000027) for __rt_lib_init_stdio_1
    libinit.o(.ARM.Collect$$libinit$$00000000) refers (Special) to libinit2.o(.ARM.Collect$$libinit$$0000000E) for __rt_lib_init_user_alloc_1
    libspace.o(.text) refers to libspace.o(.bss) for __libspace_start
    rtexit.o(.ARM.Collect$$rtexit$$00000000) refers (Special) to rtexit2.o(.ARM.Collect$$rtexit$$00000004) for __rt_exit_exit
    rtexit.o(.ARM.Collect$$rtexit$$00000000) refers (Special) to rtexit2.o(.ARM.Collect$$rtexit$$00000003) for __rt_exit_ls
    rtexit.o(.ARM.Collect$$rtexit$$00000000) refers (Special) to rtexit2.o(.ARM.Collect$$rtexit$$00000002) for __rt_exit_prels_1
    rtexit.o(.ARM.exidx) refers (Special) to rtexit2.o(.ARM.Collect$$rtexit$$00000004) for __rt_exit_exit
    rtexit.o(.ARM.exidx) refers (Special) to rtexit2.o(.ARM.Collect$$rtexit$$00000003) for __rt_exit_ls
    rtexit.o(.ARM.exidx) refers (Special) to rtexit2.o(.ARM.Collect$$rtexit$$00000002) for __rt_exit_prels_1
    rtexit.o(.ARM.exidx) refers to rtexit.o(.ARM.Collect$$rtexit$$00000000) for .ARM.Collect$$rtexit$$00000000
    rt_raise.o(.text) refers to __raise.o(.text) for __raise
    rt_raise.o(.text) refers to sys_exit.o(.text) for _sys_exit
    defsig_exit.o(.text) refers to sys_exit.o(.text) for _sys_exit
    defsig_fpe_inner.o(.text) refers to defsig_general.o(.text) for __default_signal_display
    libinit2.o(.ARM.Collect$$libinit$$00000012) refers to libinit2.o(.ARM.Collect$$libinit$$00000011) for .ARM.Collect$$libinit$$00000011
    libinit2.o(.ARM.Collect$$libinit$$00000014) refers to libinit2.o(.ARM.Collect$$libinit$$00000011) for .ARM.Collect$$libinit$$00000011
    libinit2.o(.ARM.Collect$$libinit$$00000016) refers to libinit2.o(.ARM.Collect$$libinit$$00000011) for .ARM.Collect$$libinit$$00000011
    libinit2.o(.ARM.Collect$$libinit$$00000018) refers to libinit2.o(.ARM.Collect$$libinit$$00000011) for .ARM.Collect$$libinit$$00000011
    libinit2.o(.ARM.Collect$$libinit$$0000001A) refers to libinit2.o(.ARM.Collect$$libinit$$00000011) for .ARM.Collect$$libinit$$00000011
    libinit2.o(.ARM.Collect$$libinit$$00000028) refers to argv_veneer.o(.emb_text) for __ARM_argv_veneer
    libinit2.o(.ARM.Collect$$libinit$$00000029) refers to argv_veneer.o(.emb_text) for __ARM_argv_veneer
    sys_exit.o(.text) refers (Special) to use_no_semi.o(.text) for __I$use$semihosting
    sys_exit.o(.text) refers (Special) to indicate_semi.o(.text) for __semihosting_library_function
    sys_exit_hlt.o(.text) refers (Special) to use_no_semi.o(.text) for __I$use$semihosting
    sys_exit_hlt.o(.text) refers (Special) to indicate_semi.o(.text) for __semihosting_library_function
    rtexit2.o(.ARM.Collect$$rtexit$$00000003) refers to libshutdown.o(.ARM.Collect$$libshutdown$$00000000) for __rt_lib_shutdown
    rtexit2.o(.ARM.Collect$$rtexit$$00000004) refers to sys_exit.o(.text) for _sys_exit
    rtexit2.o(.ARM.exidx) refers to rtexit2.o(.ARM.Collect$$rtexit$$00000001) for .ARM.Collect$$rtexit$$00000001
    rtexit2.o(.ARM.exidx) refers to rtexit2.o(.ARM.Collect$$rtexit$$00000003) for .ARM.Collect$$rtexit$$00000003
    rtexit2.o(.ARM.exidx) refers to rtexit2.o(.ARM.Collect$$rtexit$$00000004) for .ARM.Collect$$rtexit$$00000004
    __raise.o(.text) refers to defsig.o(CL$$defsig) for __default_signal_handler
    defsig_general.o(.text) refers to sys_wrch.o(.text) for _ttywrch
    argv_veneer.o(.emb_text) refers to no_argv.o(.text) for __ARM_get_argv
    sys_wrch.o(.text) refers (Special) to use_no_semi.o(.text) for __I$use$semihosting
    sys_wrch.o(.text) refers (Special) to indicate_semi.o(.text) for __semihosting_library_function
    sys_wrch_hlt.o(.text) refers (Special) to use_no_semi.o(.text) for __I$use$semihosting
    sys_wrch_hlt.o(.text) refers (Special) to indicate_semi.o(.text) for __semihosting_library_function
    defsig.o(CL$$defsig) refers to defsig_fpe_inner.o(.text) for __rt_SIGFPE_inner
    defsig.o(CL$$defsig) refers to defsig_rtmem_inner.o(.text) for __rt_SIGRTMEM_inner
    _get_argv_nomalloc.o(.text) refers (Special) to hrguard.o(.text) for __heap_region$guard
    _get_argv_nomalloc.o(.text) refers to defsig_rtmem_outer.o(.text) for __rt_SIGRTMEM
    _get_argv_nomalloc.o(.text) refers to sys_command.o(.text) for _sys_command_string
    libshutdown.o(.ARM.Collect$$libshutdown$$00000000) refers (Special) to libshutdown2.o(.ARM.Collect$$libshutdown$$00000002) for __rt_lib_shutdown_cpp_1
    libshutdown.o(.ARM.Collect$$libshutdown$$00000000) refers (Special) to libshutdown2.o(.ARM.Collect$$libshutdown$$00000007) for __rt_lib_shutdown_fp_trap_1
    libshutdown.o(.ARM.Collect$$libshutdown$$00000000) refers (Special) to libshutdown2.o(.ARM.Collect$$libshutdown$$0000000F) for __rt_lib_shutdown_heap_1
    libshutdown.o(.ARM.Collect$$libshutdown$$00000000) refers (Special) to libshutdown2.o(.ARM.Collect$$libshutdown$$00000010) for __rt_lib_shutdown_return
    libshutdown.o(.ARM.Collect$$libshutdown$$00000000) refers (Special) to libshutdown2.o(.ARM.Collect$$libshutdown$$0000000A) for __rt_lib_shutdown_signal_1
    libshutdown.o(.ARM.Collect$$libshutdown$$00000000) refers (Special) to libshutdown2.o(.ARM.Collect$$libshutdown$$00000004) for __rt_lib_shutdown_stdio_1
    libshutdown.o(.ARM.Collect$$libshutdown$$00000000) refers (Special) to libshutdown2.o(.ARM.Collect$$libshutdown$$0000000C) for __rt_lib_shutdown_user_alloc_1
    sys_command.o(.text) refers (Special) to use_no_semi.o(.text) for __I$use$semihosting
    sys_command.o(.text) refers (Special) to indicate_semi.o(.text) for __semihosting_library_function
    sys_command_hlt.o(.text) refers (Special) to use_no_semi.o(.text) for __I$use$semihosting
    sys_command_hlt.o(.text) refers (Special) to indicate_semi.o(.text) for __semihosting_library_function
    defsig_abrt_inner.o(.text) refers to defsig_general.o(.text) for __default_signal_display
    defsig_rtred_inner.o(.text) refers to defsig_general.o(.text) for __default_signal_display
    defsig_rtmem_inner.o(.text) refers to defsig_general.o(.text) for __default_signal_display
    defsig_rtmem_outer.o(.text) refers to defsig_rtmem_inner.o(.text) for __rt_SIGRTMEM_inner
    defsig_rtmem_outer.o(.text) refers to defsig_exit.o(.text) for __sig_exit
    defsig_rtmem_formal.o(.text) refers to rt_raise.o(.text) for __rt_raise
    defsig_stak_inner.o(.text) refers to defsig_general.o(.text) for __default_signal_display
    defsig_pvfn_inner.o(.text) refers to defsig_general.o(.text) for __default_signal_display
    defsig_cppl_inner.o(.text) refers to defsig_general.o(.text) for __default_signal_display
    defsig_segv_inner.o(.text) refers to defsig_general.o(.text) for __default_signal_display
    defsig_other.o(.text) refers to defsig_general.o(.text) for __default_signal_display


==============================================================================

Removing Unused input sections from the image.

    Removing main.o(.text), (0 bytes).
    Removing main.o(.ARM.exidx.text.main), (8 bytes).
    Removing main.o(.ARM.use_no_argv), (4 bytes).
    Removing irq_timer.o(.text), (0 bytes).
    Removing irq_timer.o(.ARM.exidx.text.TIMER0_IRQHandler), (8 bytes).
    Removing irq_timer.o(.ARM.exidx.text.TIMER1_IRQHandler), (8 bytes).
    Removing irq_timer.o(.ARM.exidx.text.TIMER2_IRQHandler), (8 bytes).
    Removing irq_timer.o(.ARM.exidx.text.TIMER3_IRQHandler), (8 bytes).
    Removing lib_timer.o(.text), (0 bytes).
    Removing lib_timer.o(.text.enable_timer), (108 bytes).
    Removing lib_timer.o(.ARM.exidx.text.enable_timer), (8 bytes).
    Removing lib_timer.o(.text.read_timer), (116 bytes).
    Removing lib_timer.o(.ARM.exidx.text.read_timer), (8 bytes).
    Removing lib_timer.o(.text.disable_timer), (108 bytes).
    Removing lib_timer.o(.ARM.exidx.text.disable_timer), (8 bytes).
    Removing lib_timer.o(.text.reset_timer), (156 bytes).
    Removing lib_timer.o(.ARM.exidx.text.reset_timer), (8 bytes).
    Removing lib_timer.o(.text.init_timer_SRI), (210 bytes).
    Removing lib_timer.o(.ARM.exidx.text.init_timer_SRI), (8 bytes).
    Removing lib_timer.o(.text.__NVIC_EnableIRQ), (48 bytes).
    Removing lib_timer.o(.ARM.exidx.text.__NVIC_EnableIRQ), (8 bytes).
    Removing lib_timer.o(.text.delay_ms), (46 bytes).
    Removing lib_timer.o(.ARM.exidx.text.delay_ms), (8 bytes).
    Removing irq_button.o(.text), (0 bytes).
    Removing irq_button.o(.ARM.exidx.text.EINT0_IRQHandler), (8 bytes).
    Removing irq_button.o(.ARM.exidx.text.EINT1_IRQHandler), (8 bytes).
    Removing irq_button.o(.ARM.exidx.text.EINT2_IRQHandler), (8 bytes).
    Removing lib_button.o(.text), (0 bytes).
    Removing lib_button.o(.text.BUTTON_init), (98 bytes).
    Removing lib_button.o(.ARM.exidx.text.BUTTON_init), (8 bytes).
    Removing lib_button.o(.text.__NVIC_EnableIRQ), (48 bytes).
    Removing lib_button.o(.ARM.exidx.text.__NVIC_EnableIRQ), (8 bytes).
    Removing funct_led.o(.text), (0 bytes).
    Removing funct_led.o(.text.LED_On), (48 bytes).
    Removing funct_led.o(.ARM.exidx.text.LED_On), (8 bytes).
    Removing funct_led.o(.text.LED_Off), (48 bytes).
    Removing funct_led.o(.ARM.exidx.text.LED_Off), (8 bytes).
    Removing funct_led.o(.text.LED_Out), (74 bytes).
    Removing funct_led.o(.ARM.exidx.text.LED_Out), (8 bytes).
    Removing funct_led.o(.rodata.led_mask), (32 bytes).
    Removing lib_led.o(.text), (0 bytes).
    Removing lib_led.o(.text.LED_init), (60 bytes).
    Removing lib_led.o(.ARM.exidx.text.LED_init), (8 bytes).
    Removing lib_led.o(.text.LED_deinit), (18 bytes).
    Removing lib_led.o(.ARM.exidx.text.LED_deinit), (8 bytes).
    Removing lib_led.o(.bss.led_value), (1 bytes).
    Removing lib_joystick.o(.text), (0 bytes).
    Removing lib_joystick.o(.text.joystick_init), (34 bytes).
    Removing lib_joystick.o(.ARM.exidx.text.joystick_init), (8 bytes).
    Removing irq_rit.o(.text), (0 bytes).
    Removing irq_rit.o(.ARM.exidx.text.RIT_IRQHandler), (8 bytes).
    Removing lib_rit.o(.text), (0 bytes).
    Removing lib_rit.o(.text.enable_RIT), (16 bytes).
    Removing lib_rit.o(.ARM.exidx.text.enable_RIT), (8 bytes).
    Removing lib_rit.o(.text.disable_RIT), (14 bytes).
    Removing lib_rit.o(.ARM.exidx.text.disable_RIT), (8 bytes).
    Removing lib_rit.o(.text.reset_RIT), (12 bytes).
    Removing lib_rit.o(.ARM.exidx.text.reset_RIT), (8 bytes).
    Removing lib_rit.o(.text.init_RIT), (90 bytes).
    Removing lib_rit.o(.ARM.exidx.text.init_RIT), (8 bytes).
    Removing lib_rit.o(.text.__NVIC_EnableIRQ), (48 bytes).
    Removing lib_rit.o(.ARM.exidx.text.__NVIC_EnableIRQ), (8 bytes).
    Removing irq_adc.o(.text), (0 bytes).
    Removing irq_adc.o(.ARM.exidx.text.ADC_IRQHandler), (8 bytes).
    Removing lib_adc.o(.text), (0 bytes).
    Removing lib_adc.o(.text.ADC_init), (74 bytes).
    Removing lib_adc.o(.ARM.exidx.text.ADC_init), (8 bytes).
    Removing lib_adc.o(.text.__NVIC_EnableIRQ), (48 bytes).
    Removing lib_adc.o(.ARM.exidx.text.__NVIC_EnableIRQ), (8 bytes).
    Removing lib_adc.o(.text.ADC_start_conversion), (18 bytes).
    Removing lib_adc.o(.ARM.exidx.text.ADC_start_conversion), (8 bytes).
    Removing asciilib.o(.text), (0 bytes).
    Removing asciilib.o(.text.GetASCIICode), (58 bytes).
    Removing asciilib.o(.ARM.exidx.text.GetASCIICode), (8 bytes).
    Removing asciilib.o(.rodata.AsciiLib), (1520 bytes).
    Removing glcd.o(.text), (0 bytes).
    Removing glcd.o(.text.LCD_Initialization), (12042 bytes).
    Removing glcd.o(.ARM.exidx.text.LCD_Initialization), (8 bytes).
    Removing glcd.o(.text.LCD_Configuration), (32 bytes).
    Removing glcd.o(.ARM.exidx.text.LCD_Configuration), (8 bytes).
    Removing glcd.o(.text.delay_ms), (82 bytes).
    Removing glcd.o(.ARM.exidx.text.delay_ms), (8 bytes).
    Removing glcd.o(.text.LCD_Clear), (2028 bytes).
    Removing glcd.o(.ARM.exidx.text.LCD_Clear), (8 bytes).
    Removing glcd.o(.text.LCD_SetCursor), (1932 bytes).
    Removing glcd.o(.ARM.exidx.text.LCD_SetCursor), (8 bytes).
    Removing glcd.o(.text.LCD_GetPoint), (1324 bytes).
    Removing glcd.o(.ARM.exidx.text.LCD_GetPoint), (8 bytes).
    Removing glcd.o(.text.LCD_BGR2RGB), (72 bytes).
    Removing glcd.o(.ARM.exidx.text.LCD_BGR2RGB), (8 bytes).
    Removing glcd.o(.text.LCD_SetPoint), (320 bytes).
    Removing glcd.o(.ARM.exidx.text.LCD_SetPoint), (8 bytes).
    Removing glcd.o(.text.LCD_DrawLine), (546 bytes).
    Removing glcd.o(.ARM.exidx.text.LCD_DrawLine), (8 bytes).
    Removing glcd.o(.text.PutChar), (210 bytes).
    Removing glcd.o(.ARM.exidx.text.PutChar), (8 bytes).
    Removing glcd.o(.text.GUI_Text), (152 bytes).
    Removing glcd.o(.ARM.exidx.text.GUI_Text), (8 bytes).
    Removing glcd.o(.text.wait_delay), (22 bytes).
    Removing glcd.o(.ARM.exidx.text.wait_delay), (8 bytes).
    Removing glcd.o(.bss.LCD_Code), (1 bytes).
    Removing hzlib.o(.text), (0 bytes).
    Removing hzlib.o(.text.GetGBKCode), (68 bytes).
    Removing hzlib.o(.ARM.exidx.text.GetGBKCode), (8 bytes).
    Removing hzlib.o(.rodata.HzLib), (216576 bytes).
    Removing touchpanel.o(.text), (0 bytes).
    Removing touchpanel.o(.text.LPC17xx_SPI_SetSpeed), (52 bytes).
    Removing touchpanel.o(.ARM.exidx.text.LPC17xx_SPI_SetSpeed), (8 bytes).
    Removing touchpanel.o(.text.TP_Init), (48 bytes).
    Removing touchpanel.o(.ARM.exidx.text.TP_Init), (8 bytes).
    Removing touchpanel.o(.text.ADS7843_SPI_Init), (148 bytes).
    Removing touchpanel.o(.ARM.exidx.text.ADS7843_SPI_Init), (8 bytes).
    Removing touchpanel.o(.text.Read_X), (64 bytes).
    Removing touchpanel.o(.ARM.exidx.text.Read_X), (8 bytes).
    Removing touchpanel.o(.text.DelayUS), (58 bytes).
    Removing touchpanel.o(.ARM.exidx.text.DelayUS), (8 bytes).
    Removing touchpanel.o(.text.WR_CMD), (98 bytes).
    Removing touchpanel.o(.ARM.exidx.text.WR_CMD), (8 bytes).
    Removing touchpanel.o(.text.RD_AD), (86 bytes).
    Removing touchpanel.o(.ARM.exidx.text.RD_AD), (8 bytes).
    Removing touchpanel.o(.text.Read_Y), (64 bytes).
    Removing touchpanel.o(.ARM.exidx.text.Read_Y), (8 bytes).
    Removing touchpanel.o(.text.TP_GetAdXY), (42 bytes).
    Removing touchpanel.o(.ARM.exidx.text.TP_GetAdXY), (8 bytes).
    Removing touchpanel.o(.text.TP_DrawPoint), (32 bytes).
    Removing touchpanel.o(.ARM.exidx.text.TP_DrawPoint), (8 bytes).
    Removing touchpanel.o(.text.DrawCross), (434 bytes).
    Removing touchpanel.o(.ARM.exidx.text.DrawCross), (8 bytes).
    Removing touchpanel.o(.text.DeleteCross), (428 bytes).
    Removing touchpanel.o(.ARM.exidx.text.DeleteCross), (8 bytes).
    Removing touchpanel.o(.text.Read_Ads7846), (808 bytes).
    Removing touchpanel.o(.ARM.exidx.text.Read_Ads7846), (8 bytes).
    Removing touchpanel.o(.text.setCalibrationMatrix), (464 bytes).
    Removing touchpanel.o(.ARM.exidx.text.setCalibrationMatrix), (8 bytes).
    Removing touchpanel.o(.text.getDisplayPoint), (314 bytes).
    Removing touchpanel.o(.ARM.exidx.text.getDisplayPoint), (8 bytes).
    Removing touchpanel.o(.text.TouchPanel_Calibrate), (218 bytes).
    Removing touchpanel.o(.ARM.exidx.text.TouchPanel_Calibrate), (8 bytes).
    Removing touchpanel.o(.data.DisplaySample), (12 bytes).
    Removing touchpanel.o(.bss.Read_Ads7846.screen), (4 bytes).
    Removing touchpanel.o(.rodata.str1.1), (29 bytes).
    Removing touchpanel.o(.bss.ScreenSample), (12 bytes).
    Removing touchpanel.o(.bss.matrix), (56 bytes).
    Removing touchpanel.o(.bss.display), (4 bytes).
    Removing dac.o(.text), (0 bytes).
    Removing dac.o(.text.DAC_init), (42 bytes).
    Removing dac.o(.ARM.exidx.text.DAC_init), (8 bytes).
    Removing dac.o(.text.DAC_write), (26 bytes).
    Removing dac.o(.ARM.exidx.text.DAC_write), (8 bytes).
    Removing system_lpc17xx.o(.text), (0 bytes).
    Removing system_lpc17xx.o(.text.SystemCoreClockUpdate), (428 bytes).
    Removing system_lpc17xx.o(.ARM.exidx.text.SystemCoreClockUpdate), (8 bytes).
    Removing system_lpc17xx.o(.text.SystemInit), (388 bytes).
    Removing system_lpc17xx.o(.ARM.exidx.text.SystemInit), (8 bytes).
    Removing system_lpc17xx.o(.data.SystemCoreClock), (4 bytes).

155 unused section(s) (total 243461 bytes) removed from the image.

==============================================================================

Image Symbol Table

    Local Symbols

    Symbol Name                              Value     Ov Type        Size  Object(Section)

    ../clib/angel/boardlib.s                 0x00000000   Number         0  boardinit1.o ABSOLUTE
    ../clib/angel/boardlib.s                 0x00000000   Number         0  boardinit2.o ABSOLUTE
    ../clib/angel/boardlib.s                 0x00000000   Number         0  boardinit3.o ABSOLUTE
    ../clib/angel/boardlib.s                 0x00000000   Number         0  boardshut.o ABSOLUTE
    ../clib/angel/handlers.s                 0x00000000   Number         0  __scatter_copy.o ABSOLUTE
    ../clib/angel/handlers.s                 0x00000000   Number         0  __scatter_zi.o ABSOLUTE
    ../clib/angel/kernel.s                   0x00000000   Number         0  __rtentry.o ABSOLUTE
    ../clib/angel/kernel.s                   0x00000000   Number         0  __rtentry2.o ABSOLUTE
    ../clib/angel/kernel.s                   0x00000000   Number         0  __rtentry4.o ABSOLUTE
    ../clib/angel/kernel.s                   0x00000000   Number         0  rtexit.o ABSOLUTE
    ../clib/angel/kernel.s                   0x00000000   Number         0  rtexit2.o ABSOLUTE
    ../clib/angel/rt.s                       0x00000000   Number         0  aeabi_ldiv0.o ABSOLUTE
    ../clib/angel/rt.s                       0x00000000   Number         0  aeabi_ldiv0_sigfpe.o ABSOLUTE
    ../clib/angel/rt.s                       0x00000000   Number         0  rt_div0.o ABSOLUTE
    ../clib/angel/rt.s                       0x00000000   Number         0  rt_raise.o ABSOLUTE
    ../clib/angel/scatter.s                  0x00000000   Number         0  __scatter.o ABSOLUTE
    ../clib/angel/startup.s                  0x00000000   Number         0  __main.o ABSOLUTE
    ../clib/angel/sys.s                      0x00000000   Number         0  sys_stackheap_outer.o ABSOLUTE
    ../clib/angel/sys.s                      0x00000000   Number         0  libspace.o ABSOLUTE
    ../clib/angel/sys.s                      0x00000000   Number         0  use_no_semi.o ABSOLUTE
    ../clib/angel/sys.s                      0x00000000   Number         0  indicate_semi.o ABSOLUTE
    ../clib/angel/sysapp.c                   0x00000000   Number         0  sys_exit.o ABSOLUTE
    ../clib/angel/sysapp.c                   0x00000000   Number         0  sys_exit_hlt.o ABSOLUTE
    ../clib/angel/sysapp.c                   0x00000000   Number         0  sys_wrch.o ABSOLUTE
    ../clib/angel/sysapp.c                   0x00000000   Number         0  sys_wrch_hlt.o ABSOLUTE
    ../clib/angel/sysapp.c                   0x00000000   Number         0  sys_command.o ABSOLUTE
    ../clib/angel/sysapp.c                   0x00000000   Number         0  sys_command_hlt.o ABSOLUTE
    ../clib/armsys.c                         0x00000000   Number         0  argv_veneer.o ABSOLUTE
    ../clib/armsys.c                         0x00000000   Number         0  argv_veneer.o ABSOLUTE
    ../clib/armsys.c                         0x00000000   Number         0  _get_argv_nomalloc.o ABSOLUTE
    ../clib/armsys.c                         0x00000000   Number         0  no_argv.o ABSOLUTE
    ../clib/heapalloc.c                      0x00000000   Number         0  hrguard.o ABSOLUTE
    ../clib/heapaux.c                        0x00000000   Number         0  heapauxi.o ABSOLUTE
    ../clib/libinit.s                        0x00000000   Number         0  libinit.o ABSOLUTE
    ../clib/libinit.s                        0x00000000   Number         0  libinit2.o ABSOLUTE
    ../clib/libinit.s                        0x00000000   Number         0  libshutdown.o ABSOLUTE
    ../clib/libinit.s                        0x00000000   Number         0  libshutdown2.o ABSOLUTE
    ../clib/longlong.s                       0x00000000   Number         0  lludivv7m.o ABSOLUTE
    ../clib/memcpset.s                       0x00000000   Number         0  rt_memcpy_v6.o ABSOLUTE
    ../clib/memcpset.s                       0x00000000   Number         0  rt_memclr_w.o ABSOLUTE
    ../clib/memcpset.s                       0x00000000   Number         0  rt_memcpy_w.o ABSOLUTE
    ../clib/signal.c                         0x00000000   Number         0  defsig_fpe_outer.o ABSOLUTE
    ../clib/signal.c                         0x00000000   Number         0  defsig_fpe_formal.o ABSOLUTE
    ../clib/signal.c                         0x00000000   Number         0  defsig_exit.o ABSOLUTE
    ../clib/signal.c                         0x00000000   Number         0  defsig_fpe_inner.o ABSOLUTE
    ../clib/signal.c                         0x00000000   Number         0  __raise.o ABSOLUTE
    ../clib/signal.c                         0x00000000   Number         0  defsig_general.o ABSOLUTE
    ../clib/signal.c                         0x00000000   Number         0  defsig_abrt_inner.o ABSOLUTE
    ../clib/signal.c                         0x00000000   Number         0  defsig_rtred_inner.o ABSOLUTE
    ../clib/signal.c                         0x00000000   Number         0  defsig_rtmem_inner.o ABSOLUTE
    ../clib/signal.c                         0x00000000   Number         0  defsig_rtmem_outer.o ABSOLUTE
    ../clib/signal.c                         0x00000000   Number         0  defsig_rtmem_formal.o ABSOLUTE
    ../clib/signal.c                         0x00000000   Number         0  defsig_stak_inner.o ABSOLUTE
    ../clib/signal.c                         0x00000000   Number         0  defsig_pvfn_inner.o ABSOLUTE
    ../clib/signal.c                         0x00000000   Number         0  defsig_cppl_inner.o ABSOLUTE
    ../clib/signal.c                         0x00000000   Number         0  defsig_segv_inner.o ABSOLUTE
    ../clib/signal.c                         0x00000000   Number         0  defsig_other.o ABSOLUTE
    ../clib/signal.s                         0x00000000   Number         0  defsig.o ABSOLUTE
    ../clib/stdlib.c                         0x00000000   Number         0  exit.o ABSOLUTE
    ../fplib/daddsub.s                       0x00000000   Number         0  daddsub_clz.o ABSOLUTE
    ../fplib/dcmp.s                          0x00000000   Number         0  dcmp.o ABSOLUTE
    ../fplib/dcmpi.s                         0x00000000   Number         0  dcmpi.o ABSOLUTE
    ../fplib/ddiv.s                          0x00000000   Number         0  ddiv.o ABSOLUTE
    ../fplib/deqf.s                          0x00000000   Number         0  deqf.o ABSOLUTE
    ../fplib/dfix.s                          0x00000000   Number         0  dfix.o ABSOLUTE
    ../fplib/dflt.s                          0x00000000   Number         0  dflt_clz.o ABSOLUTE
    ../fplib/dgeqf.s                         0x00000000   Number         0  dgeqf.o ABSOLUTE
    ../fplib/dleqf.s                         0x00000000   Number         0  dleqf.o ABSOLUTE
    ../fplib/dmul.s                          0x00000000   Number         0  dmul.o ABSOLUTE
    ../fplib/dnaninf.s                       0x00000000   Number         0  dnaninf.o ABSOLUTE
    ../fplib/dretinf.s                       0x00000000   Number         0  dretinf.o ABSOLUTE
    ../fplib/fpinit.s                        0x00000000   Number         0  fpinit.o ABSOLUTE
    ../fplib/fpinit_empty.s                  0x00000000   Number         0  fpinit_empty.o ABSOLUTE
    ../fplib/usenofp.s                       0x00000000   Number         0  usenofp.o ABSOLUTE
    AsciiLib.c                               0x00000000   Number         0  asciilib.o ABSOLUTE
    DAC.c                                    0x00000000   Number         0  dac.o ABSOLUTE
    GLCD.c                                   0x00000000   Number         0  glcd.o ABSOLUTE
    HzLib.c                                  0x00000000   Number         0  hzlib.o ABSOLUTE
    IRQ_RIT.c                                0x00000000   Number         0  irq_rit.o ABSOLUTE
    IRQ_adc.c                                0x00000000   Number         0  irq_adc.o ABSOLUTE
    IRQ_button.c                             0x00000000   Number         0  irq_button.o ABSOLUTE
    IRQ_timer.c                              0x00000000   Number         0  irq_timer.o ABSOLUTE
    MY_CODE.s                                0x00000000   Number         0  my_code.o ABSOLUTE
    Main.c                                   0x00000000   Number         0  main.o ABSOLUTE
    RTE/Device/LPC1768/startup_LPC17xx.s     0x00000000   Number         0  startup_lpc17xx.o ABSOLUTE
    TouchPanel.c                             0x00000000   Number         0  touchpanel.o ABSOLUTE
    dc.s                                     0x00000000   Number         0  dc.o ABSOLUTE
    funct_led.c                              0x00000000   Number         0  funct_led.o ABSOLUTE
    lib_RIT.c                                0x00000000   Number         0  lib_rit.o ABSOLUTE
    lib_adc.c                                0x00000000   Number         0  lib_adc.o ABSOLUTE
    lib_button.c                             0x00000000   Number         0  lib_button.o ABSOLUTE
    lib_joystick.c                           0x00000000   Number         0  lib_joystick.o ABSOLUTE
    lib_led.c                                0x00000000   Number         0  lib_led.o ABSOLUTE
    lib_timer.c                              0x00000000   Number         0  lib_timer.o ABSOLUTE
    system_LPC17xx.c                         0x00000000   Number         0  system_lpc17xx.o ABSOLUTE
    RESET                                    0x00000000   Section      204  startup_lpc17xx.o(RESET)
    !!!main                                  0x000000cc   Section        8  __main.o(!!!main)
    !!!scatter                               0x000000d4   Section       52  __scatter.o(!!!scatter)
    !!handler_copy                           0x00000108   Section       26  __scatter_copy.o(!!handler_copy)
    !!handler_zi                             0x00000124   Section       28  __scatter_zi.o(!!handler_zi)
    .ARM.Collect$$libinit$$00000000          0x00000140   Section        2  libinit.o(.ARM.Collect$$libinit$$00000000)
    .ARM.Collect$$libinit$$00000002          0x00000142   Section        0  libinit2.o(.ARM.Collect$$libinit$$00000002)
    .ARM.Collect$$libinit$$00000004          0x00000142   Section        0  libinit2.o(.ARM.Collect$$libinit$$00000004)
    .ARM.Collect$$libinit$$00000006          0x00000142   Section        0  libinit2.o(.ARM.Collect$$libinit$$00000006)
    .ARM.Collect$$libinit$$0000000C          0x00000142   Section        0  libinit2.o(.ARM.Collect$$libinit$$0000000C)
    .ARM.Collect$$libinit$$0000000E          0x00000142   Section        0  libinit2.o(.ARM.Collect$$libinit$$0000000E)
    .ARM.Collect$$libinit$$00000010          0x00000142   Section        0  libinit2.o(.ARM.Collect$$libinit$$00000010)
    .ARM.Collect$$libinit$$00000013          0x00000142   Section        0  libinit2.o(.ARM.Collect$$libinit$$00000013)
    .ARM.Collect$$libinit$$00000015          0x00000142   Section        0  libinit2.o(.ARM.Collect$$libinit$$00000015)
    .ARM.Collect$$libinit$$00000017          0x00000142   Section        0  libinit2.o(.ARM.Collect$$libinit$$00000017)
    .ARM.Collect$$libinit$$00000019          0x00000142   Section        0  libinit2.o(.ARM.Collect$$libinit$$00000019)
    .ARM.Collect$$libinit$$0000001B          0x00000142   Section        0  libinit2.o(.ARM.Collect$$libinit$$0000001B)
    .ARM.Collect$$libinit$$0000001D          0x00000142   Section        0  libinit2.o(.ARM.Collect$$libinit$$0000001D)
    .ARM.Collect$$libinit$$0000001F          0x00000142   Section        0  libinit2.o(.ARM.Collect$$libinit$$0000001F)
    .ARM.Collect$$libinit$$00000021          0x00000142   Section        0  libinit2.o(.ARM.Collect$$libinit$$00000021)
    .ARM.Collect$$libinit$$00000023          0x00000142   Section        0  libinit2.o(.ARM.Collect$$libinit$$00000023)
    .ARM.Collect$$libinit$$00000025          0x00000142   Section        0  libinit2.o(.ARM.Collect$$libinit$$00000025)
    .ARM.Collect$$libinit$$00000027          0x00000142   Section        0  libinit2.o(.ARM.Collect$$libinit$$00000027)
    .ARM.Collect$$libinit$$0000002E          0x00000142   Section        0  libinit2.o(.ARM.Collect$$libinit$$0000002E)
    .ARM.Collect$$libinit$$00000030          0x00000142   Section        0  libinit2.o(.ARM.Collect$$libinit$$00000030)
    .ARM.Collect$$libinit$$00000032          0x00000142   Section        0  libinit2.o(.ARM.Collect$$libinit$$00000032)
    .ARM.Collect$$libinit$$00000034          0x00000142   Section        0  libinit2.o(.ARM.Collect$$libinit$$00000034)
    .ARM.Collect$$libinit$$00000035          0x00000142   Section        2  libinit2.o(.ARM.Collect$$libinit$$00000035)
    .ARM.Collect$$libshutdown$$00000000      0x00000144   Section        2  libshutdown.o(.ARM.Collect$$libshutdown$$00000000)
    .ARM.Collect$$libshutdown$$00000002      0x00000146   Section        0  libshutdown2.o(.ARM.Collect$$libshutdown$$00000002)
    .ARM.Collect$$libshutdown$$00000004      0x00000146   Section        0  libshutdown2.o(.ARM.Collect$$libshutdown$$00000004)
    .ARM.Collect$$libshutdown$$00000007      0x00000146   Section        0  libshutdown2.o(.ARM.Collect$$libshutdown$$00000007)
    .ARM.Collect$$libshutdown$$0000000A      0x00000146   Section        0  libshutdown2.o(.ARM.Collect$$libshutdown$$0000000A)
    .ARM.Collect$$libshutdown$$0000000C      0x00000146   Section        0  libshutdown2.o(.ARM.Collect$$libshutdown$$0000000C)
    .ARM.Collect$$libshutdown$$0000000F      0x00000146   Section        0  libshutdown2.o(.ARM.Collect$$libshutdown$$0000000F)
    .ARM.Collect$$libshutdown$$00000010      0x00000146   Section        2  libshutdown2.o(.ARM.Collect$$libshutdown$$00000010)
    .ARM.Collect$$rtentry$$00000000          0x00000148   Section        0  __rtentry.o(.ARM.Collect$$rtentry$$00000000)
    .ARM.Collect$$rtentry$$00000002          0x00000148   Section        0  __rtentry2.o(.ARM.Collect$$rtentry$$00000002)
    .ARM.Collect$$rtentry$$00000004          0x00000148   Section        6  __rtentry4.o(.ARM.Collect$$rtentry$$00000004)
    .ARM.Collect$$rtentry$$00000009          0x0000014e   Section        0  __rtentry2.o(.ARM.Collect$$rtentry$$00000009)
    .ARM.Collect$$rtentry$$0000000A          0x0000014e   Section        4  __rtentry2.o(.ARM.Collect$$rtentry$$0000000A)
    .ARM.Collect$$rtentry$$0000000C          0x00000152   Section        0  __rtentry2.o(.ARM.Collect$$rtentry$$0000000C)
    .ARM.Collect$$rtentry$$0000000D          0x00000152   Section        8  __rtentry2.o(.ARM.Collect$$rtentry$$0000000D)
    .ARM.Collect$$rtexit$$00000000           0x0000015a   Section        2  rtexit.o(.ARM.Collect$$rtexit$$00000000)
    .ARM.Collect$$rtexit$$00000002           0x0000015c   Section        0  rtexit2.o(.ARM.Collect$$rtexit$$00000002)
    .ARM.Collect$$rtexit$$00000003           0x0000015c   Section        4  rtexit2.o(.ARM.Collect$$rtexit$$00000003)
    .ARM.Collect$$rtexit$$00000004           0x00000160   Section        6  rtexit2.o(.ARM.Collect$$rtexit$$00000004)
    .text                                    0x00000168   Section      112  startup_lpc17xx.o(.text)
    .text                                    0x000001d8   Section        0  heapauxi.o(.text)
    .text                                    0x000001de   Section       74  sys_stackheap_outer.o(.text)
    .text                                    0x00000228   Section        0  exit.o(.text)
    .text                                    0x0000023c   Section        8  libspace.o(.text)
    .text                                    0x00000244   Section        0  sys_exit.o(.text)
    .text                                    0x00000250   Section        2  use_no_semi.o(.text)
    .text                                    0x00000252   Section        0  indicate_semi.o(.text)
    [Anonymous Symbol]                       0x00000254   Section        0  irq_adc.o(.text.ADC_IRQHandler)
    [Anonymous Symbol]                       0x00000270   Section        0  irq_button.o(.text.EINT0_IRQHandler)
    [Anonymous Symbol]                       0x00000284   Section        0  irq_button.o(.text.EINT1_IRQHandler)
    [Anonymous Symbol]                       0x00000298   Section        0  irq_button.o(.text.EINT2_IRQHandler)
    [Anonymous Symbol]                       0x000002ac   Section        0  irq_timer.o(.text.TIMER0_IRQHandler)
    [Anonymous Symbol]                       0x000002bc   Section        0  irq_timer.o(.text.TIMER1_IRQHandler)
    [Anonymous Symbol]                       0x000002cc   Section        0  irq_timer.o(.text.TIMER2_IRQHandler)
    [Anonymous Symbol]                       0x000002d8   Section        0  irq_timer.o(.text.TIMER3_IRQHandler)
    .ARM.__at_0x02FC                         0x000002fc   Section        4  startup_lpc17xx.o(.ARM.__at_0x02FC)
    [Anonymous Symbol]                       0x00000300   Section        0  irq_rit.o(.text.RIT_IRQHandler)
    [Anonymous Symbol]                       0x00000374   Section        0  main.o(.text.main)
    MY_CODE                                  0x00000380   Section      244  my_code.o(MY_CODE)
    chooseNeighbor                           0x0000044f   Thumb Code    38  my_code.o(MY_CODE)
    maze                                     0x00000494   Data           5  startup_lpc17xx.o(initialMap)
    initialMap                               0x00000494   Section       30  startup_lpc17xx.o(initialMap)
    maze_filled                              0x10000000   Data          30  startup_lpc17xx.o(currentMap)
    currentMap                               0x10000000   Section       30  startup_lpc17xx.o(currentMap)
    .bss                                     0x10000020   Section       96  libspace.o(.bss)
    Heap_Mem                                 0x10000088   Data           0  startup_lpc17xx.o(HEAP)
    Stack_Mem                                0x10000088   Data        1024  startup_lpc17xx.o(STACK)
    HEAP                                     0x10000088   Section        0  startup_lpc17xx.o(HEAP)
    STACK                                    0x10000088   Section     1024  startup_lpc17xx.o(STACK)
    __initial_sp                             0x10000488   Data           0  startup_lpc17xx.o(STACK)

    Global Symbols

    Symbol Name                              Value     Ov Type        Size  Object(Section)

    BuildAttributes$$THM_ISAv4$P$D$K$B$S$PE$A:L22UL41UL21$X:L11$S22US41US21$IEEE1$IW$~IW$USESV6$~STKCKD$USESV7$~SHL$OSPACE$ROPI$EBA8$UX$STANDARDLIB$REQ8$EABIv2 0x00000000   Number         0  anon$$obj.o ABSOLUTE
    __Vectors                                0x00000000   Data           4  startup_lpc17xx.o(RESET)
    __fp_init_empty                          0x00000000   Number         0  fpinit_empty.o ABSOLUTE
    __ARM_exceptions_init                     - Undefined Weak Reference
    __alloca_initialize                       - Undefined Weak Reference
    __arm_preinit_                            - Undefined Weak Reference
    __arm_relocate_pie_                       - Undefined Weak Reference
    __cpp_initialize__aeabi_                  - Undefined Weak Reference
    __cxa_finalize                            - Undefined Weak Reference
    __rt_locale                               - Undefined Weak Reference
    __sigvec_lookup                           - Undefined Weak Reference
    _atexit_init                              - Undefined Weak Reference
    _call_atexit_fns                          - Undefined Weak Reference
    _clock_init                               - Undefined Weak Reference
    _fp_trap_init                             - Undefined Weak Reference
    _fp_trap_shutdown                         - Undefined Weak Reference
    _get_lc_collate                           - Undefined Weak Reference
    _get_lc_ctype                             - Undefined Weak Reference
    _get_lc_monetary                          - Undefined Weak Reference
    _get_lc_numeric                           - Undefined Weak Reference
    _get_lc_time                              - Undefined Weak Reference
    _getenv_init                              - Undefined Weak Reference
    _handle_redirection                       - Undefined Weak Reference
    _init_alloc                               - Undefined Weak Reference
    _init_user_alloc                          - Undefined Weak Reference
    _initio                                   - Undefined Weak Reference
    _rand_init                                - Undefined Weak Reference
    _signal_finish                            - Undefined Weak Reference
    _signal_init                              - Undefined Weak Reference
    _terminate_alloc                          - Undefined Weak Reference
    _terminate_user_alloc                     - Undefined Weak Reference
    _terminateio                              - Undefined Weak Reference
    __main                                   0x000000cd   Thumb Code     8  __main.o(!!!main)
    __scatterload                            0x000000d5   Thumb Code     0  __scatter.o(!!!scatter)
    __scatterload_rt2                        0x000000d5   Thumb Code    44  __scatter.o(!!!scatter)
    __scatterload_rt2_thumb_only             0x000000d5   Thumb Code     0  __scatter.o(!!!scatter)
    __scatterload_null                       0x000000e3   Thumb Code     0  __scatter.o(!!!scatter)
    __scatterload_copy                       0x00000109   Thumb Code    26  __scatter_copy.o(!!handler_copy)
    __scatterload_zeroinit                   0x00000125   Thumb Code    28  __scatter_zi.o(!!handler_zi)
    __rt_lib_init                            0x00000141   Thumb Code     0  libinit.o(.ARM.Collect$$libinit$$00000000)
    __rt_lib_init_alloca_1                   0x00000143   Thumb Code     0  libinit2.o(.ARM.Collect$$libinit$$00000030)
    __rt_lib_init_argv_1                     0x00000143   Thumb Code     0  libinit2.o(.ARM.Collect$$libinit$$0000002E)
    __rt_lib_init_atexit_1                   0x00000143   Thumb Code     0  libinit2.o(.ARM.Collect$$libinit$$0000001D)
    __rt_lib_init_clock_1                    0x00000143   Thumb Code     0  libinit2.o(.ARM.Collect$$libinit$$00000023)
    __rt_lib_init_cpp_1                      0x00000143   Thumb Code     0  libinit2.o(.ARM.Collect$$libinit$$00000034)
    __rt_lib_init_exceptions_1               0x00000143   Thumb Code     0  libinit2.o(.ARM.Collect$$libinit$$00000032)
    __rt_lib_init_fp_1                       0x00000143   Thumb Code     0  libinit2.o(.ARM.Collect$$libinit$$00000002)
    __rt_lib_init_fp_trap_1                  0x00000143   Thumb Code     0  libinit2.o(.ARM.Collect$$libinit$$00000021)
    __rt_lib_init_getenv_1                   0x00000143   Thumb Code     0  libinit2.o(.ARM.Collect$$libinit$$00000025)
    __rt_lib_init_heap_1                     0x00000143   Thumb Code     0  libinit2.o(.ARM.Collect$$libinit$$0000000C)
    __rt_lib_init_lc_collate_1               0x00000143   Thumb Code     0  libinit2.o(.ARM.Collect$$libinit$$00000013)
    __rt_lib_init_lc_ctype_1                 0x00000143   Thumb Code     0  libinit2.o(.ARM.Collect$$libinit$$00000015)
    __rt_lib_init_lc_monetary_1              0x00000143   Thumb Code     0  libinit2.o(.ARM.Collect$$libinit$$00000017)
    __rt_lib_init_lc_numeric_1               0x00000143   Thumb Code     0  libinit2.o(.ARM.Collect$$libinit$$00000019)
    __rt_lib_init_lc_time_1                  0x00000143   Thumb Code     0  libinit2.o(.ARM.Collect$$libinit$$0000001B)
    __rt_lib_init_preinit_1                  0x00000143   Thumb Code     0  libinit2.o(.ARM.Collect$$libinit$$00000006)
    __rt_lib_init_rand_1                     0x00000143   Thumb Code     0  libinit2.o(.ARM.Collect$$libinit$$00000010)
    __rt_lib_init_relocate_pie_1             0x00000143   Thumb Code     0  libinit2.o(.ARM.Collect$$libinit$$00000004)
    __rt_lib_init_return                     0x00000143   Thumb Code     0  libinit2.o(.ARM.Collect$$libinit$$00000035)
    __rt_lib_init_signal_1                   0x00000143   Thumb Code     0  libinit2.o(.ARM.Collect$$libinit$$0000001F)
    __rt_lib_init_stdio_1                    0x00000143   Thumb Code     0  libinit2.o(.ARM.Collect$$libinit$$00000027)
    __rt_lib_init_user_alloc_1               0x00000143   Thumb Code     0  libinit2.o(.ARM.Collect$$libinit$$0000000E)
    __rt_lib_shutdown                        0x00000145   Thumb Code     0  libshutdown.o(.ARM.Collect$$libshutdown$$00000000)
    __rt_lib_shutdown_cpp_1                  0x00000147   Thumb Code     0  libshutdown2.o(.ARM.Collect$$libshutdown$$00000002)
    __rt_lib_shutdown_fp_trap_1              0x00000147   Thumb Code     0  libshutdown2.o(.ARM.Collect$$libshutdown$$00000007)
    __rt_lib_shutdown_heap_1                 0x00000147   Thumb Code     0  libshutdown2.o(.ARM.Collect$$libshutdown$$0000000F)
    __rt_lib_shutdown_return                 0x00000147   Thumb Code     0  libshutdown2.o(.ARM.Collect$$libshutdown$$00000010)
    __rt_lib_shutdown_signal_1               0x00000147   Thumb Code     0  libshutdown2.o(.ARM.Collect$$libshutdown$$0000000A)
    __rt_lib_shutdown_stdio_1                0x00000147   Thumb Code     0  libshutdown2.o(.ARM.Collect$$libshutdown$$00000004)
    __rt_lib_shutdown_user_alloc_1           0x00000147   Thumb Code     0  libshutdown2.o(.ARM.Collect$$libshutdown$$0000000C)
    __rt_entry                               0x00000149   Thumb Code     0  __rtentry.o(.ARM.Collect$$rtentry$$00000000)
    __rt_entry_presh_1                       0x00000149   Thumb Code     0  __rtentry2.o(.ARM.Collect$$rtentry$$00000002)
    __rt_entry_sh                            0x00000149   Thumb Code     0  __rtentry4.o(.ARM.Collect$$rtentry$$00000004)
    __rt_entry_li                            0x0000014f   Thumb Code     0  __rtentry2.o(.ARM.Collect$$rtentry$$0000000A)
    __rt_entry_postsh_1                      0x0000014f   Thumb Code     0  __rtentry2.o(.ARM.Collect$$rtentry$$00000009)
    __rt_entry_main                          0x00000153   Thumb Code     0  __rtentry2.o(.ARM.Collect$$rtentry$$0000000D)
    __rt_entry_postli_1                      0x00000153   Thumb Code     0  __rtentry2.o(.ARM.Collect$$rtentry$$0000000C)
    __rt_exit                                0x0000015b   Thumb Code     0  rtexit.o(.ARM.Collect$$rtexit$$00000000)
    __rt_exit_ls                             0x0000015d   Thumb Code     0  rtexit2.o(.ARM.Collect$$rtexit$$00000003)
    __rt_exit_prels_1                        0x0000015d   Thumb Code     0  rtexit2.o(.ARM.Collect$$rtexit$$00000002)
    __rt_exit_exit                           0x00000161   Thumb Code     0  rtexit2.o(.ARM.Collect$$rtexit$$00000004)
    Reset_Handler                            0x00000169   Thumb Code    40  startup_lpc17xx.o(.text)
    NMI_Handler                              0x00000191   Thumb Code     2  startup_lpc17xx.o(.text)
    HardFault_Handler                        0x00000193   Thumb Code     2  startup_lpc17xx.o(.text)
    MemManage_Handler                        0x00000195   Thumb Code     2  startup_lpc17xx.o(.text)
    BusFault_Handler                         0x00000197   Thumb Code     2  startup_lpc17xx.o(.text)
    UsageFault_Handler                       0x00000199   Thumb Code     2  startup_lpc17xx.o(.text)
    SVC_Handler                              0x0000019b   Thumb Code    20  startup_lpc17xx.o(.text)
    DebugMon_Handler                         0x000001af   Thumb Code     2  startup_lpc17xx.o(.text)
    PendSV_Handler                           0x000001b1   Thumb Code     2  startup_lpc17xx.o(.text)
    SysTick_Handler                          0x000001b3   Thumb Code     2  startup_lpc17xx.o(.text)
    BOD_IRQHandler                           0x000001b5   Thumb Code     0  startup_lpc17xx.o(.text)
    CANActivity_IRQHandler                   0x000001b5   Thumb Code     0  startup_lpc17xx.o(.text)
    CAN_IRQHandler                           0x000001b5   Thumb Code     0  startup_lpc17xx.o(.text)
    DMA_IRQHandler                           0x000001b5   Thumb Code     0  startup_lpc17xx.o(.text)
    EINT3_IRQHandler                         0x000001b5   Thumb Code     0  startup_lpc17xx.o(.text)
    ENET_IRQHandler                          0x000001b5   Thumb Code     0  startup_lpc17xx.o(.text)
    I2C0_IRQHandler                          0x000001b5   Thumb Code     0  startup_lpc17xx.o(.text)
    I2C1_IRQHandler                          0x000001b5   Thumb Code     0  startup_lpc17xx.o(.text)
    I2C2_IRQHandler                          0x000001b5   Thumb Code     0  startup_lpc17xx.o(.text)
    I2S_IRQHandler                           0x000001b5   Thumb Code     0  startup_lpc17xx.o(.text)
    MCPWM_IRQHandler                         0x000001b5   Thumb Code     0  startup_lpc17xx.o(.text)
    PLL0_IRQHandler                          0x000001b5   Thumb Code     0  startup_lpc17xx.o(.text)
    PLL1_IRQHandler                          0x000001b5   Thumb Code     0  startup_lpc17xx.o(.text)
    PWM1_IRQHandler                          0x000001b5   Thumb Code     0  startup_lpc17xx.o(.text)
    QEI_IRQHandler                           0x000001b5   Thumb Code     0  startup_lpc17xx.o(.text)
    RTC_IRQHandler                           0x000001b5   Thumb Code     0  startup_lpc17xx.o(.text)
    SPI_IRQHandler                           0x000001b5   Thumb Code     0  startup_lpc17xx.o(.text)
    SSP0_IRQHandler                          0x000001b5   Thumb Code     0  startup_lpc17xx.o(.text)
    SSP1_IRQHandler                          0x000001b5   Thumb Code     0  startup_lpc17xx.o(.text)
    UART0_IRQHandler                         0x000001b5   Thumb Code     0  startup_lpc17xx.o(.text)
    UART1_IRQHandler                         0x000001b5   Thumb Code     0  startup_lpc17xx.o(.text)
    UART2_IRQHandler                         0x000001b5   Thumb Code     0  startup_lpc17xx.o(.text)
    UART3_IRQHandler                         0x000001b5   Thumb Code     0  startup_lpc17xx.o(.text)
    USBActivity_IRQHandler                   0x000001b5   Thumb Code     0  startup_lpc17xx.o(.text)
    USB_IRQHandler                           0x000001b5   Thumb Code     0  startup_lpc17xx.o(.text)
    WDT_IRQHandler                           0x000001b5   Thumb Code     0  startup_lpc17xx.o(.text)
    __user_initial_stackheap                 0x000001b9   Thumb Code     0  startup_lpc17xx.o(.text)
    __use_two_region_memory                  0x000001d9   Thumb Code     2  heapauxi.o(.text)
    __rt_heap_escrow$2region                 0x000001db   Thumb Code     2  heapauxi.o(.text)
    __rt_heap_expand$2region                 0x000001dd   Thumb Code     2  heapauxi.o(.text)
    __user_setup_stackheap                   0x000001df   Thumb Code    74  sys_stackheap_outer.o(.text)
    exit                                     0x00000229   Thumb Code    18  exit.o(.text)
    __user_libspace                          0x0000023d   Thumb Code     8  libspace.o(.text)
    __user_perproc_libspace                  0x0000023d   Thumb Code     0  libspace.o(.text)
    __user_perthread_libspace                0x0000023d   Thumb Code     0  libspace.o(.text)
    _sys_exit                                0x00000245   Thumb Code     8  sys_exit.o(.text)
    __I$use$semihosting                      0x00000251   Thumb Code     0  use_no_semi.o(.text)
    __use_no_semihosting_swi                 0x00000251   Thumb Code     2  use_no_semi.o(.text)
    __semihosting_library_function           0x00000253   Thumb Code     0  indicate_semi.o(.text)
    ADC_IRQHandler                           0x00000255   Thumb Code    26  irq_adc.o(.text.ADC_IRQHandler)
    EINT0_IRQHandler                         0x00000271   Thumb Code    18  irq_button.o(.text.EINT0_IRQHandler)
    EINT1_IRQHandler                         0x00000285   Thumb Code    18  irq_button.o(.text.EINT1_IRQHandler)
    EINT2_IRQHandler                         0x00000299   Thumb Code    18  irq_button.o(.text.EINT2_IRQHandler)
    TIMER0_IRQHandler                        0x000002ad   Thumb Code    14  irq_timer.o(.text.TIMER0_IRQHandler)
    TIMER1_IRQHandler                        0x000002bd   Thumb Code    14  irq_timer.o(.text.TIMER1_IRQHandler)
    TIMER2_IRQHandler                        0x000002cd   Thumb Code    12  irq_timer.o(.text.TIMER2_IRQHandler)
    TIMER3_IRQHandler                        0x000002d9   Thumb Code    28  irq_timer.o(.text.TIMER3_IRQHandler)
    RIT_IRQHandler                           0x00000301   Thumb Code   116  irq_rit.o(.text.RIT_IRQHandler)
    main                                     0x00000375   Thumb Code    10  main.o(.text.main)
    depthFirstSearch                         0x00000381   Thumb Code   206  my_code.o(MY_CODE)
    Region$$Table$$Base                      0x00000474   Number         0  anon$$obj.o(Region$$Table)
    Region$$Table$$Limit                     0x00000494   Number         0  anon$$obj.o(Region$$Table)
    __libspace_start                         0x10000020   Data          96  libspace.o(.bss)
    AD_current                               0x10000080   Data           2  irq_adc.o(.bss.AD_current)
    __temporary_stack_top$libspace           0x10000080   Data           0  libspace.o(.bss)
    tick                                     0x10000084   Data           4  lib_timer.o(.bss.tick)



==============================================================================

Memory Map of the image

  Image Entry point : 0x00000169

  Load Region LR_1 (Base: 0x00000000, Size: 0x000004d4, Max: 0xffffffff, ABSOLUTE)

    Execution Region ER_RO (Exec base: 0x00000000, Load base: 0x00000000, Size: 0x000004b4, Max: 0xffffffff, ABSOLUTE)

    Exec Addr    Load Addr    Size         Type   Attr      Idx    E Section Name        Object

    0x00000000   0x00000000   0x000000cc   Data   RO          266    RESET               startup_lpc17xx.o
    0x000000cc   0x000000cc   0x00000008   Code   RO          298  * !!!main             c_w.l(__main.o)
    0x000000d4   0x000000d4   0x00000034   Code   RO          512    !!!scatter          c_w.l(__scatter.o)
    0x00000108   0x00000108   0x0000001a   Code   RO          514    !!handler_copy      c_w.l(__scatter_copy.o)
    0x00000122   0x00000122   0x00000002   PAD
    0x00000124   0x00000124   0x0000001c   Code   RO          516    !!handler_zi        c_w.l(__scatter_zi.o)
    0x00000140   0x00000140   0x00000002   Code   RO          374    .ARM.Collect$$libinit$$00000000  c_w.l(libinit.o)
    0x00000142   0x00000142   0x00000000   Code   RO          387    .ARM.Collect$$libinit$$00000002  c_w.l(libinit2.o)
    0x00000142   0x00000142   0x00000000   Code   RO          389    .ARM.Collect$$libinit$$00000004  c_w.l(libinit2.o)
    0x00000142   0x00000142   0x00000000   Code   RO          391    .ARM.Collect$$libinit$$00000006  c_w.l(libinit2.o)
    0x00000142   0x00000142   0x00000000   Code   RO          394    .ARM.Collect$$libinit$$0000000C  c_w.l(libinit2.o)
    0x00000142   0x00000142   0x00000000   Code   RO          396    .ARM.Collect$$libinit$$0000000E  c_w.l(libinit2.o)
    0x00000142   0x00000142   0x00000000   Code   RO          398    .ARM.Collect$$libinit$$00000010  c_w.l(libinit2.o)
    0x00000142   0x00000142   0x00000000   Code   RO          401    .ARM.Collect$$libinit$$00000013  c_w.l(libinit2.o)
    0x00000142   0x00000142   0x00000000   Code   RO          403    .ARM.Collect$$libinit$$00000015  c_w.l(libinit2.o)
    0x00000142   0x00000142   0x00000000   Code   RO          405    .ARM.Collect$$libinit$$00000017  c_w.l(libinit2.o)
    0x00000142   0x00000142   0x00000000   Code   RO          407    .ARM.Collect$$libinit$$00000019  c_w.l(libinit2.o)
    0x00000142   0x00000142   0x00000000   Code   RO          409    .ARM.Collect$$libinit$$0000001B  c_w.l(libinit2.o)
    0x00000142   0x00000142   0x00000000   Code   RO          411    .ARM.Collect$$libinit$$0000001D  c_w.l(libinit2.o)
    0x00000142   0x00000142   0x00000000   Code   RO          413    .ARM.Collect$$libinit$$0000001F  c_w.l(libinit2.o)
    0x00000142   0x00000142   0x00000000   Code   RO          415    .ARM.Collect$$libinit$$00000021  c_w.l(libinit2.o)
    0x00000142   0x00000142   0x00000000   Code   RO          417    .ARM.Collect$$libinit$$00000023  c_w.l(libinit2.o)
    0x00000142   0x00000142   0x00000000   Code   RO          419    .ARM.Collect$$libinit$$00000025  c_w.l(libinit2.o)
    0x00000142   0x00000142   0x00000000   Code   RO          421    .ARM.Collect$$libinit$$00000027  c_w.l(libinit2.o)
    0x00000142   0x00000142   0x00000000   Code   RO          425    .ARM.Collect$$libinit$$0000002E  c_w.l(libinit2.o)
    0x00000142   0x00000142   0x00000000   Code   RO          427    .ARM.Collect$$libinit$$00000030  c_w.l(libinit2.o)
    0x00000142   0x00000142   0x00000000   Code   RO          429    .ARM.Collect$$libinit$$00000032  c_w.l(libinit2.o)
    0x00000142   0x00000142   0x00000000   Code   RO          431    .ARM.Collect$$libinit$$00000034  c_w.l(libinit2.o)
    0x00000142   0x00000142   0x00000002   Code   RO          432    .ARM.Collect$$libinit$$00000035  c_w.l(libinit2.o)
    0x00000144   0x00000144   0x00000002   Code   RO          467    .ARM.Collect$$libshutdown$$00000000  c_w.l(libshutdown.o)
    0x00000146   0x00000146   0x00000000   Code   RO          495    .ARM.Collect$$libshutdown$$00000002  c_w.l(libshutdown2.o)
    0x00000146   0x00000146   0x00000000   Code   RO          497    .ARM.Collect$$libshutdown$$00000004  c_w.l(libshutdown2.o)
    0x00000146   0x00000146   0x00000000   Code   RO          500    .ARM.Collect$$libshutdown$$00000007  c_w.l(libshutdown2.o)
    0x00000146   0x00000146   0x00000000   Code   RO          503    .ARM.Collect$$libshutdown$$0000000A  c_w.l(libshutdown2.o)
    0x00000146   0x00000146   0x00000000   Code   RO          505    .ARM.Collect$$libshutdown$$0000000C  c_w.l(libshutdown2.o)
    0x00000146   0x00000146   0x00000000   Code   RO          508    .ARM.Collect$$libshutdown$$0000000F  c_w.l(libshutdown2.o)
    0x00000146   0x00000146   0x00000002   Code   RO          509    .ARM.Collect$$libshutdown$$00000010  c_w.l(libshutdown2.o)
    0x00000148   0x00000148   0x00000000   Code   RO          324    .ARM.Collect$$rtentry$$00000000  c_w.l(__rtentry.o)
    0x00000148   0x00000148   0x00000000   Code   RO          343    .ARM.Collect$$rtentry$$00000002  c_w.l(__rtentry2.o)
    0x00000148   0x00000148   0x00000006   Code   RO          355    .ARM.Collect$$rtentry$$00000004  c_w.l(__rtentry4.o)
    0x0000014e   0x0000014e   0x00000000   Code   RO          345    .ARM.Collect$$rtentry$$00000009  c_w.l(__rtentry2.o)
    0x0000014e   0x0000014e   0x00000004   Code   RO          346    .ARM.Collect$$rtentry$$0000000A  c_w.l(__rtentry2.o)
    0x00000152   0x00000152   0x00000000   Code   RO          348    .ARM.Collect$$rtentry$$0000000C  c_w.l(__rtentry2.o)
    0x00000152   0x00000152   0x00000008   Code   RO          349    .ARM.Collect$$rtentry$$0000000D  c_w.l(__rtentry2.o)
    0x0000015a   0x0000015a   0x00000002   Code   RO          378    .ARM.Collect$$rtexit$$00000000  c_w.l(rtexit.o)
    0x0000015c   0x0000015c   0x00000000   Code   RO          438    .ARM.Collect$$rtexit$$00000002  c_w.l(rtexit2.o)
    0x0000015c   0x0000015c   0x00000004   Code   RO          439    .ARM.Collect$$rtexit$$00000003  c_w.l(rtexit2.o)
    0x00000160   0x00000160   0x00000006   Code   RO          440    .ARM.Collect$$rtexit$$00000004  c_w.l(rtexit2.o)
    0x00000166   0x00000166   0x00000002   PAD
    0x00000168   0x00000168   0x00000070   Code   RO          270  * .text               startup_lpc17xx.o
    0x000001d8   0x000001d8   0x00000006   Code   RO          296    .text               c_w.l(heapauxi.o)
    0x000001de   0x000001de   0x0000004a   Code   RO          361    .text               c_w.l(sys_stackheap_outer.o)
    0x00000228   0x00000228   0x00000012   Code   RO          363    .text               c_w.l(exit.o)
    0x0000023a   0x0000023a   0x00000002   PAD
    0x0000023c   0x0000023c   0x00000008   Code   RO          375    .text               c_w.l(libspace.o)
    0x00000244   0x00000244   0x0000000c   Code   RO          433    .text               c_w.l(sys_exit.o)
    0x00000250   0x00000250   0x00000002   Code   RO          456    .text               c_w.l(use_no_semi.o)
    0x00000252   0x00000252   0x00000000   Code   RO          458    .text               c_w.l(indicate_semi.o)
    0x00000252   0x00000252   0x00000002   PAD
    0x00000254   0x00000254   0x0000001a   Code   RO          131    .text.ADC_IRQHandler  irq_adc.o
    0x0000026e   0x0000026e   0x00000002   PAD
    0x00000270   0x00000270   0x00000012   Code   RO           48    .text.EINT0_IRQHandler  irq_button.o
    0x00000282   0x00000282   0x00000002   PAD
    0x00000284   0x00000284   0x00000012   Code   RO           50    .text.EINT1_IRQHandler  irq_button.o
    0x00000296   0x00000296   0x00000002   PAD
    0x00000298   0x00000298   0x00000012   Code   RO           52    .text.EINT2_IRQHandler  irq_button.o
    0x000002aa   0x000002aa   0x00000002   PAD
    0x000002ac   0x000002ac   0x0000000e   Code   RO           11    .text.TIMER0_IRQHandler  irq_timer.o
    0x000002ba   0x000002ba   0x00000002   PAD
    0x000002bc   0x000002bc   0x0000000e   Code   RO           13    .text.TIMER1_IRQHandler  irq_timer.o
    0x000002ca   0x000002ca   0x00000002   PAD
    0x000002cc   0x000002cc   0x0000000c   Code   RO           15    .text.TIMER2_IRQHandler  irq_timer.o
    0x000002d8   0x000002d8   0x0000001c   Code   RO           17    .text.TIMER3_IRQHandler  irq_timer.o
    0x000002f4   0x000002f4   0x00000008   PAD
    0x000002fc   0x000002fc   0x00000004   Code   RO          267    .ARM.__at_0x02FC    startup_lpc17xx.o
    0x00000300   0x00000300   0x00000074   Code   RO          106    .text.RIT_IRQHandler  irq_rit.o
    0x00000374   0x00000374   0x0000000a   Code   RO            2    .text.main          main.o
    0x0000037e   0x0000037e   0x00000002   PAD
    0x00000380   0x00000380   0x000000f4   Code   RO          247    MY_CODE             my_code.o
    0x00000474   0x00000474   0x00000020   Data   RO          511    Region$$Table       anon$$obj.o
    0x00000494   0x00000494   0x0000001e   Data   RO          268    initialMap          startup_lpc17xx.o


    Execution Region ER_RW (Exec base: 0x10000000, Load base: 0x000004b4, Size: 0x00000020, Max: 0xffffffff, ABSOLUTE)

    Exec Addr    Load Addr    Size         Type   Attr      Idx    E Section Name        Object

    0x10000000   0x000004b4   0x0000001e   Data   RW          269    currentMap          startup_lpc17xx.o


    Execution Region ER_ZI (Exec base: 0x10000020, Load base: 0x000004d4, Size: 0x00000468, Max: 0xffffffff, ABSOLUTE)

    Exec Addr    Load Addr    Size         Type   Attr      Idx    E Section Name        Object

    0x10000020        -       0x00000060   Zero   RW          376    .bss                c_w.l(libspace.o)
    0x10000080        -       0x00000002   Zero   RW          133    .bss.AD_current     irq_adc.o
    0x10000082   0x000004d4   0x00000002   PAD
    0x10000084        -       0x00000004   Zero   RW           40    .bss.tick           lib_timer.o
    0x10000088        -       0x00000000   Zero   RW          265    HEAP                startup_lpc17xx.o
    0x10000088        -       0x00000400   Zero   RW          264    STACK               startup_lpc17xx.o


==============================================================================

Image component sizes


      Code (inc. data)   RO Data    RW Data    ZI Data      Debug   Object Name

        26          0          0          0          2       1012   irq_adc.o
        54          0          0          0          0       1765   irq_button.o
       116          0          0          0          0       2041   irq_rit.o
        68          0          0          0          0       1323   irq_timer.o
         0          0          0          0          4       3696   lib_timer.o
        10          0          0          0          0        356   main.o
       244          0          0          0          0        456   my_code.o
       116         28        234         30       1024       1040   startup_lpc17xx.o

    ----------------------------------------------------------------------
       656         28        268         32       1032      11689   Object Totals
         0          0         32          0          0          0   (incl. Generated)
        22          0          2          2          2          0   (incl. Padding)

    ----------------------------------------------------------------------

      Code (inc. data)   RO Data    RW Data    ZI Data      Debug   Library Member Name

         8          0          0          0          0         68   __main.o
         0          0          0          0          0          0   __rtentry.o
        12          0          0          0          0          0   __rtentry2.o
         6          0          0          0          0          0   __rtentry4.o
        52          8          0          0          0          0   __scatter.o
        26          0          0          0          0          0   __scatter_copy.o
        28          0          0          0          0          0   __scatter_zi.o
        18          0          0          0          0         80   exit.o
         6          0          0          0          0        152   heapauxi.o
         0          0          0          0          0          0   indicate_semi.o
         2          0          0          0          0          0   libinit.o
         2          0          0          0          0          0   libinit2.o
         2          0          0          0          0          0   libshutdown.o
         2          0          0          0          0          0   libshutdown2.o
         8          4          0          0         96         68   libspace.o
         2          0          0          0          0          0   rtexit.o
        10          0          0          0          0          0   rtexit2.o
        12          4          0          0          0         68   sys_exit.o
        74          0          0          0          0         80   sys_stackheap_outer.o
         2          0          0          0          0         68   use_no_semi.o

    ----------------------------------------------------------------------
       280         16          0          0         96        584   Library Totals
         8          0          0          0          0          0   (incl. Padding)

    ----------------------------------------------------------------------

      Code (inc. data)   RO Data    RW Data    ZI Data      Debug   Library Name

       272         16          0          0         96        584   c_w.l

    ----------------------------------------------------------------------
       280         16          0          0         96        584   Library Totals

    ----------------------------------------------------------------------

==============================================================================


      Code (inc. data)   RO Data    RW Data    ZI Data      Debug   

       936         44        268         32       1128      12033   Grand Totals
       936         44        268         32       1128      12033   ELF Image Totals
       936         44        268         32          0          0   ROM Totals

==============================================================================

    Total RO  Size (Code + RO Data)                 1204 (   1.18kB)
    Total RW  Size (RW Data + ZI Data)              1160 (   1.13kB)
    Total ROM Size (Code + RO Data + RW Data)       1236 (   1.21kB)

==============================================================================

