<html>
<body>
<pre>
<h1>µVision Build Log</h1>
<h2>Tool Versions:</h2>
IDE-Version: µVision V5.37.0.0
Copyright (C) 2022 ARM Ltd and ARM Germany GmbH. All rights reserved.
License Information: Leila Alizadeh, polito, LIC=VGXG8-3Y4UH-8TX3P-M2UMQ-VLY22-VPCLD
 
Tool Versions:
Toolchain:       MDK-ARM Plus  Version: 5.37.0.0
Toolchain Path:  C:\Keil_v5\ARM\ARMCLANG\Bin
C Compiler:      ArmClang.exe V6.18
Assembler:       Armasm.exe V6.18
Linker/Locator:  ArmLink.exe V6.18
Library Manager: ArmAr.exe V6.18
Hex Converter:   FromElf.exe V6.18
CPU DLL:         SARMCM3.DLL V5.37.0.0
Dialog DLL:      DARMP1.DLL V1.28.1.0
Target DLL:      UL2CM3.DLL V1.164.7.0
Dialog DLL:      TCM.DLL V1.56.1.0
 
<h2>Project:</h2>
D:\Uni\architecture\git\ARC\2025\20250129-C\Template\Template.uvprojx
Project File Date:  01/07/2026

<h2>Output:</h2>
*** Using Compiler 'V6.18', folder: 'C:\Keil_v5\ARM\ARMCLANG\Bin'
Build target 'Target_1'
Button/IRQ_button.c(1): warning: In file included from...
Button/../Main.h(1): warning: In file included from...
C:/Users/aliza/AppData/Local/Arm/Packs/Keil/LPC1700_DFP/2.7.2/Device/Include\LPC17xx.h(200): warning: anonymous structs are a C11 extension [-Wc11-extensions]
    struct {
    ^
C:/Users/aliza/AppData/Local/Arm/Packs/Keil/LPC1700_DFP/2.7.2/Device/Include\LPC17xx.h(204): warning: anonymous structs are a C11 extension [-Wc11-extensions]
    struct {
    ^
C:/Users/aliza/AppData/Local/Arm/Packs/Keil/LPC1700_DFP/2.7.2/Device/Include\LPC17xx.h(198): warning: anonymous unions are a C11 extension [-Wc11-extensions]
  union {
  ^
C:/Users/aliza/AppData/Local/Arm/Packs/Keil/LPC1700_DFP/2.7.2/Device/Include\LPC17xx.h(214): warning: anonymous structs are a C11 extension [-Wc11-extensions]
    struct {
    ^
C:/Users/aliza/AppData/Local/Arm/Packs/Keil/LPC1700_DFP/2.7.2/Device/Include\LPC17xx.h(218): warning: anonymous structs are a C11 extension [-Wc11-extensions]
    struct {
    ^
C:/Users/aliza/AppData/Local/Arm/Packs/Keil/LPC1700_DFP/2.7.2/Device/Include\LPC17xx.h(212): warning: anonymous unions are a C11 extension [-Wc11-extensions]
  union {
  ^
C:/Users/aliza/AppData/Local/Arm/Packs/Keil/LPC1700_DFP/2.7.2/Device/Include\LPC17xx.h(227): warning: anonymous structs are a C11 extension [-Wc11-extensions]
    struct {
    ^
C:/Users/aliza/AppData/Local/Arm/Packs/Keil/LPC1700_DFP/2.7.2/Device/Include\LPC17xx.h(231): warning: anonymous structs are a C11 extension [-Wc11-extensions]
    struct {
    ^
C:/Users/aliza/AppData/Local/Arm/Packs/Keil/LPC1700_DFP/2.7.2/Device/Include\LPC17xx.h(225): warning: anonymous unions are a C11 extension [-Wc11-extensions]
  union {
  ^
C:/Users/aliza/AppData/Local/Arm/Packs/Keil/LPC1700_DFP/2.7.2/Device/Include\LPC17xx.h(240): warning: anonymous structs are a C11 extension [-Wc11-extensions]
    struct {
    ^
C:/Users/aliza/AppData/Local/Arm/Packs/Keil/LPC1700_DFP/2.7.2/Device/Include\LPC17xx.h(244): warning: anonymous structs are a C11 extension [-Wc11-extensions]
    struct {
    ^
C:/Users/aliza/AppData/Local/Arm/Packs/Keil/LPC1700_DFP/2.7.2/Device/Include\LPC17xx.h(238): warning: anonymous unions are a C11 extension [-Wc11-extensions]
  union {
  ^
C:/Users/aliza/AppData/Local/Arm/Packs/Keil/LPC1700_DFP/2.7.2/Device/Include\LPC17xx.h(253): warning: anonymous structs are a C11 extension [-Wc11-extensions]
    struct {
    ^
C:/Users/aliza/AppData/Local/Arm/Packs/Keil/LPC1700_DFP/2.7.2/Device/Include\LPC17xx.h(257): warning: anonymous structs are a C11 extension [-Wc11-extensions]
    struct {
    ^
C:/Users/aliza/AppData/Local/Arm/Packs/Keil/LPC1700_DFP/2.7.2/Device/Include\LPC17xx.h(251): warning: anonymous unions are a C11 extension [-Wc11-extensions]
  union {
  ^
C:/Users/aliza/AppData/Local/Arm/Packs/Keil/LPC1700_DFP/2.7.2/Device/Include\LPC17xx.h(339): warning: anonymous unions are a C11 extension [-Wc11-extensions]
  union {
  ^
C:/Users/aliza/AppData/Local/Arm/Packs/Keil/LPC1700_DFP/2.7.2/Device/Include\LPC17xx.h(345): warning: anonymous unions are a C11 extension [-Wc11-extensions]
  union {
  ^
C:/Users/aliza/AppData/Local/Arm/Packs/Keil/LPC1700_DFP/2.7.2/Device/Include\LPC17xx.h(349): warning: anonymous unions are a C11 extension [-Wc11-extensions]
  union {
  ^
C:/Users/aliza/AppData/Local/Arm/Packs/Keil/LPC1700_DFP/2.7.2/Device/Include\LPC17xx.h(371): warning: anonymous unions are a C11 extension [-Wc11-extensions]
  union {
  ^
C:/Users/aliza/AppData/Local/Arm/Packs/Keil/LPC1700_DFP/2.7.2/Device/Include\LPC17xx.h(377): warning: anonymous unions are a C11 extension [-Wc11-extensions]
  union {
  ^
C:/Users/aliza/AppData/Local/Arm/Packs/Keil/LPC1700_DFP/2.7.2/Device/Include\LPC17xx.h(382): warning: anonymous unions are a C11 extension [-Wc11-extensions]
  union {
  ^
C:/Users/aliza/AppData/Local/Arm/Packs/Keil/LPC1700_DFP/2.7.2/Device/Include\LPC17xx.h(833): warning: anonymous unions are a C11 extension [-Wc11-extensions]
  union {
  ^
C:/Users/aliza/AppData/Local/Arm/Packs/Keil/LPC1700_DFP/2.7.2/Device/Include\LPC17xx.h(843): warning: anonymous unions are a C11 extension [-Wc11-extensions]
  union {
  ^
C:/Users/aliza/AppData/Local/Arm/Packs/Keil/LPC1700_DFP/2.7.2/Device/Include\LPC17xx.h(847): warning: anonymous unions are a C11 extension [-Wc11-extensions]
  union {
  ^
Button/IRQ_button.c(1): warning: In file included from...
Button/../Main.h(10): warning: In file included from...
Button/../DAC/DAC.h(3): warning: no newline at end of file [-Wnewline-eof]
void DAC_write(uint16_t value);
                               ^
Button/IRQ_button.c(1): warning: In file included from...
Button/../Main.h(11): warning: no newline at end of file [-Wnewline-eof]
#include <stdio.h>
                  ^
Button/IRQ_button.c(6): warning: no previous extern declaration for non-static variable 'last_tick0' [-Wmissing-variable-declarations]
uint32_t last_tick0 = 0;
         ^
Button/IRQ_button.c(6): note: declare 'static' if the variable is not intended to be used outside of this translation unit
uint32_t last_tick0 = 0;
^
Button/IRQ_button.c(7): warning: no previous extern declaration for non-static variable 'state0' [-Wmissing-variable-declarations]
int state0 = 1;
    ^
Button/IRQ_button.c(7): note: declare 'static' if the variable is not intended to be used outside of this translation unit
int state0 = 1;
^
Button/IRQ_button.c(9): warning: no previous extern declaration for non-static variable 'last_tick1' [-Wmissing-variable-declarations]
uint32_t last_tick1 = 0;
         ^
Button/IRQ_button.c(9): note: declare 'static' if the variable is not intended to be used outside of this translation unit
uint32_t last_tick1 = 0;
^
Button/IRQ_button.c(10): warning: no previous extern declaration for non-static variable 'state1' [-Wmissing-variable-declarations]
int state1 = 1;
    ^
Button/IRQ_button.c(10): note: declare 'static' if the variable is not intended to be used outside of this translation unit
int state1 = 1;
^
Button/IRQ_button.c(12): warning: no previous extern declaration for non-static variable 'last_tick2' [-Wmissing-variable-declarations]
uint32_t last_tick2 = 0;
         ^
Button/IRQ_button.c(12): note: declare 'static' if the variable is not intended to be used outside of this translation unit
uint32_t last_tick2 = 0;
^
Button/IRQ_button.c(13): warning: no previous extern declaration for non-static variable 'state2' [-Wmissing-variable-declarations]
int state2 = 1;
    ^
Button/IRQ_button.c(13): note: declare 'static' if the variable is not intended to be used outside of this translation unit
int state2 = 1;
^
Button/IRQ_button.c(15): warning: use of GNU empty initializer extension [-Wgnu-empty-initializer]
unsigned char A[8] = {};
                     ^
Button/IRQ_button.c(15): warning: no previous extern declaration for non-static variable 'A' [-Wmissing-variable-declarations]
unsigned char A[8] = {};
              ^
Button/IRQ_button.c(15): note: declare 'static' if the variable is not intended to be used outside of this translation unit
unsigned char A[8] = {};
^
Button/IRQ_button.c(16): warning: use of GNU empty initializer extension [-Wgnu-empty-initializer]
unsigned char B[8] = {};
                     ^
Button/IRQ_button.c(16): warning: no previous extern declaration for non-static variable 'B' [-Wmissing-variable-declarations]
unsigned char B[8] = {};
              ^
Button/IRQ_button.c(16): note: declare 'static' if the variable is not intended to be used outside of this translation unit
unsigned char B[8] = {};
^
Button/IRQ_button.c(17): warning: use of GNU empty initializer extension [-Wgnu-empty-initializer]
unsigned char C[8] = {};
                     ^
Button/IRQ_button.c(17): warning: no previous extern declaration for non-static variable 'C' [-Wmissing-variable-declarations]
unsigned char C[8] = {};
              ^
Button/IRQ_button.c(17): note: declare 'static' if the variable is not intended to be used outside of this translation unit
unsigned char C[8] = {};
^
Button/IRQ_button.c(18): warning: use of GNU empty initializer extension [-Wgnu-empty-initializer]
unsigned char D[8] = {};
                     ^
Button/IRQ_button.c(18): warning: no previous extern declaration for non-static variable 'D' [-Wmissing-variable-declarations]
unsigned char D[8] = {};
              ^
Button/IRQ_button.c(18): note: declare 'static' if the variable is not intended to be used outside of this translation unit
unsigned char D[8] = {};
^
Button/IRQ_button.c(73): warning: array comparison always evaluates to false [-Wtautological-compare]
        if(D == C ){
             ^
Button/IRQ_button.c(65): warning: mixing declarations and code is incompatible with standards before C99 [-Wdeclaration-after-statement]
        unsigned char* result = transposition(C,D);
                       ^
Button/IRQ_button.c(65): warning: unused variable 'result' [-Wunused-variable]
Button/IRQ_button.c(21): warning: no previous prototype for function 'EINT0_IRQHandler' [-Wmissing-prototypes]
void EINT0_IRQHandler (void)      
     ^
Button/IRQ_button.c(21): note: declare 'static' if the function is not intended to be used outside of this translation unit
void EINT0_IRQHandler (void)      
^
static 
Button/IRQ_button.c(69): warning: variable 'i' is uninitialized when used here [-Wuninitialized]
        for (int i; i<8; i++){
                    ^
Button/IRQ_button.c(69): note: initialize the variable 'i' to silence this warning
        for (int i; i<8; i++){
                  ^
                   = 0
Button/IRQ_button.c(86): warning: no previous extern declaration for non-static variable 'count' [-Wmissing-variable-declarations]
int count = 0;
    ^
Button/IRQ_button.c(86): note: declare 'static' if the variable is not intended to be used outside of this translation unit
int count = 0;
^
Button/IRQ_button.c(113): warning: implicit conversion loses integer precision: 'uint32_t' (aka 'unsigned int') to 'unsigned char' [-Wimplicit-int-conversion]
                A[count] = time;
                         ~ ^~~~
Button/IRQ_button.c(119): warning: no previous extern declaration for non-static variable 'count1' [-Wmissing-variable-declarations]
int count1 = 0;
    ^
Button/IRQ_button.c(119): note: declare 'static' if the variable is not intended to be used outside of this translation unit
int count1 = 0;
^
Button/IRQ_button.c(144): warning: implicit conversion loses integer precision: 'uint32_t' (aka 'unsigned int') to 'unsigned char' [-Wimplicit-int-conversion]
                B[count1] = time;
                          ~ ^~~~
49 warnings generated.
compiling IRQ_button.c...
linking...
Program Size: Code=1880 RO-data=252 RW-data=0 ZI-data=1176  
".\Objects\Template.axf" - 0 Error(s), 49 Warning(s).

<h2>Software Packages used:</h2>

Package Vendor: ARM
                https://www.keil.com/pack/ARM.CMSIS.6.1.0.pack
                ARM.CMSIS.6.1.0
                CMSIS (Common Microcontroller Software Interface Standard)
   * Component: CORE Version: 6.1.0

Package Vendor: Keil
                https://www.keil.com/pack/Keil.LPC1700_DFP.2.7.2.pack
                Keil.LPC1700_DFP.2.7.2
                NXP LPC1700 Series Device Support, Drivers and Examples for MCB1700 and LPC1788-32
   * Component: Startup Version: 1.0.0

<h2>Collection of Component include folders:</h2>
  ./RTE/Device/LPC1768
  ./RTE/_Target_1
  C:/Users/aliza/AppData/Local/Arm/Packs/ARM/CMSIS/6.1.0/CMSIS/Core/Include
  C:/Users/aliza/AppData/Local/Arm/Packs/Keil/LPC1700_DFP/2.7.2/Device/Include

<h2>Collection of Component Files used:</h2>

   * Component: ARM::CMSIS:CORE:6.1.0

   * Component: Keil::Device:Startup:1.0.0
      Source file:   Device/Source/ARM/startup_LPC17xx.s
      Source file:   Device/Source/system_LPC17xx.c
      Include file:  RTE_Driver/Config/RTE_Device.h
      Include file:  Device/Include/LPC17xx.h
Build Time Elapsed:  00:00:02
</pre>
</body>
</html>
