<html>
<body>
<pre>
<h1>µVision Build Log</h1>
<h2>Tool Versions:</h2>
IDE-Version: µVision V5.37.0.0
Copyright (C) 2022 ARM Ltd and ARM Germany GmbH. All rights reserved.
License Information: Leila Alizadeh, polito, LIC=VGXG8-3Y4UH-8TX3P-M2UMQ-VLY22-VPCLD
 
Tool Versions:
Toolchain:       MDK-ARM Plus  Version: 5.37.0.0
Toolchain Path:  C:\Keil_v5\ARM\ARMCLANG\Bin
C Compiler:      ArmClang.exe V6.18
Assembler:       Armasm.exe V6.18
Linker/Locator:  ArmLink.exe V6.18
Library Manager: ArmAr.exe V6.18
Hex Converter:   FromElf.exe V6.18
CPU DLL:         SARMCM3.DLL V5.37.0.0
Dialog DLL:      DARMP1.DLL V1.28.1.0
Target DLL:      UL2CM3.DLL V1.164.7.0
Dialog DLL:      TCM.DLL V1.56.1.0
 
<h2>Project:</h2>
D:\Uni\architecture\git\ARC\2023\20230207-B\Template\Template.uvprojx
Project File Date:  01/11/2026

<h2>Output:</h2>
*** Using Compiler 'V6.18', folder: 'C:\Keil_v5\ARM\ARMCLANG\Bin'
Build target 'Target_1'
Main.c(10): warning: In file included from...
./Main.h(1): warning: In file included from...
C:/Users/aliza/AppData/Local/Arm/Packs/Keil/LPC1700_DFP/2.7.2/Device/Include\LPC17xx.h(200): warning: anonymous structs are a C11 extension [-Wc11-extensions]
    struct {
    ^
C:/Users/aliza/AppData/Local/Arm/Packs/Keil/LPC1700_DFP/2.7.2/Device/Include\LPC17xx.h(204): warning: anonymous structs are a C11 extension [-Wc11-extensions]
    struct {
    ^
C:/Users/aliza/AppData/Local/Arm/Packs/Keil/LPC1700_DFP/2.7.2/Device/Include\LPC17xx.h(198): warning: anonymous unions are a C11 extension [-Wc11-extensions]
  union {
  ^
C:/Users/aliza/AppData/Local/Arm/Packs/Keil/LPC1700_DFP/2.7.2/Device/Include\LPC17xx.h(214): warning: anonymous structs are a C11 extension [-Wc11-extensions]
    struct {
    ^
C:/Users/aliza/AppData/Local/Arm/Packs/Keil/LPC1700_DFP/2.7.2/Device/Include\LPC17xx.h(218): warning: anonymous structs are a C11 extension [-Wc11-extensions]
    struct {
    ^
C:/Users/aliza/AppData/Local/Arm/Packs/Keil/LPC1700_DFP/2.7.2/Device/Include\LPC17xx.h(212): warning: anonymous unions are a C11 extension [-Wc11-extensions]
  union {
  ^
C:/Users/aliza/AppData/Local/Arm/Packs/Keil/LPC1700_DFP/2.7.2/Device/Include\LPC17xx.h(227): warning: anonymous structs are a C11 extension [-Wc11-extensions]
    struct {
    ^
C:/Users/aliza/AppData/Local/Arm/Packs/Keil/LPC1700_DFP/2.7.2/Device/Include\LPC17xx.h(231): warning: anonymous structs are a C11 extension [-Wc11-extensions]
    struct {
    ^
C:/Users/aliza/AppData/Local/Arm/Packs/Keil/LPC1700_DFP/2.7.2/Device/Include\LPC17xx.h(225): warning: anonymous unions are a C11 extension [-Wc11-extensions]
  union {
  ^
C:/Users/aliza/AppData/Local/Arm/Packs/Keil/LPC1700_DFP/2.7.2/Device/Include\LPC17xx.h(240): warning: anonymous structs are a C11 extension [-Wc11-extensions]
    struct {
    ^
C:/Users/aliza/AppData/Local/Arm/Packs/Keil/LPC1700_DFP/2.7.2/Device/Include\LPC17xx.h(244): warning: anonymous structs are a C11 extension [-Wc11-extensions]
    struct {
    ^
C:/Users/aliza/AppData/Local/Arm/Packs/Keil/LPC1700_DFP/2.7.2/Device/Include\LPC17xx.h(238): warning: anonymous unions are a C11 extension [-Wc11-extensions]
  union {
  ^
C:/Users/aliza/AppData/Local/Arm/Packs/Keil/LPC1700_DFP/2.7.2/Device/Include\LPC17xx.h(253): warning: anonymous structs are a C11 extension [-Wc11-extensions]
    struct {
    ^
C:/Users/aliza/AppData/Local/Arm/Packs/Keil/LPC1700_DFP/2.7.2/Device/Include\LPC17xx.h(257): warning: anonymous structs are a C11 extension [-Wc11-extensions]
    struct {
    ^
C:/Users/aliza/AppData/Local/Arm/Packs/Keil/LPC1700_DFP/2.7.2/Device/Include\LPC17xx.h(251): warning: anonymous unions are a C11 extension [-Wc11-extensions]
  union {
  ^
C:/Users/aliza/AppData/Local/Arm/Packs/Keil/LPC1700_DFP/2.7.2/Device/Include\LPC17xx.h(339): warning: anonymous unions are a C11 extension [-Wc11-extensions]
  union {
  ^
C:/Users/aliza/AppData/Local/Arm/Packs/Keil/LPC1700_DFP/2.7.2/Device/Include\LPC17xx.h(345): warning: anonymous unions are a C11 extension [-Wc11-extensions]
  union {
  ^
C:/Users/aliza/AppData/Local/Arm/Packs/Keil/LPC1700_DFP/2.7.2/Device/Include\LPC17xx.h(349): warning: anonymous unions are a C11 extension [-Wc11-extensions]
  union {
  ^
C:/Users/aliza/AppData/Local/Arm/Packs/Keil/LPC1700_DFP/2.7.2/Device/Include\LPC17xx.h(371): warning: anonymous unions are a C11 extension [-Wc11-extensions]
  union {
  ^
C:/Users/aliza/AppData/Local/Arm/Packs/Keil/LPC1700_DFP/2.7.2/Device/Include\LPC17xx.h(377): warning: anonymous unions are a C11 extension [-Wc11-extensions]
  union {
  ^
C:/Users/aliza/AppData/Local/Arm/Packs/Keil/LPC1700_DFP/2.7.2/Device/Include\LPC17xx.h(382): warning: anonymous unions are a C11 extension [-Wc11-extensions]
  union {
  ^
C:/Users/aliza/AppData/Local/Arm/Packs/Keil/LPC1700_DFP/2.7.2/Device/Include\LPC17xx.h(833): warning: anonymous unions are a C11 extension [-Wc11-extensions]
  union {
  ^
C:/Users/aliza/AppData/Local/Arm/Packs/Keil/LPC1700_DFP/2.7.2/Device/Include\LPC17xx.h(843): warning: anonymous unions are a C11 extension [-Wc11-extensions]
  union {
  ^
C:/Users/aliza/AppData/Local/Arm/Packs/Keil/LPC1700_DFP/2.7.2/Device/Include\LPC17xx.h(847): warning: anonymous unions are a C11 extension [-Wc11-extensions]
  union {
  ^
Main.c(10): warning: In file included from...
./Main.h(10): warning: In file included from...
./DAC/DAC.h(3): warning: no newline at end of file [-Wnewline-eof]
void DAC_write(uint16_t value);
                               ^
Main.c(10): warning: In file included from...
./Main.h(11): warning: no newline at end of file [-Wnewline-eof]
#include <stdio.h>
                  ^
Main.c(37): warning: binary integer literals are a GNU extension [-Wgnu-binary-literal]
                init_timer_SRI(0,0xFF,0b010);                   //stop reset interrupt
                                      ^
Main.c(82): warning: no newline at end of file [-Wnewline-eof]
}
 ^
28 warnings generated.
compiling Main.c...
Button/IRQ_button.c(1): warning: In file included from...
Button/../Main.h(1): warning: In file included from...
C:/Users/aliza/AppData/Local/Arm/Packs/Keil/LPC1700_DFP/2.7.2/Device/Include\LPC17xx.h(200): warning: anonymous structs are a C11 extension [-Wc11-extensions]
    struct {
    ^
C:/Users/aliza/AppData/Local/Arm/Packs/Keil/LPC1700_DFP/2.7.2/Device/Include\LPC17xx.h(204): warning: anonymous structs are a C11 extension [-Wc11-extensions]
    struct {
    ^
C:/Users/aliza/AppData/Local/Arm/Packs/Keil/LPC1700_DFP/2.7.2/Device/Include\LPC17xx.h(198): warning: anonymous unions are a C11 extension [-Wc11-extensions]
  union {
  ^
C:/Users/aliza/AppData/Local/Arm/Packs/Keil/LPC1700_DFP/2.7.2/Device/Include\LPC17xx.h(214): warning: anonymous structs are a C11 extension [-Wc11-extensions]
    struct {
    ^
C:/Users/aliza/AppData/Local/Arm/Packs/Keil/LPC1700_DFP/2.7.2/Device/Include\LPC17xx.h(218): warning: anonymous structs are a C11 extension [-Wc11-extensions]
    struct {
    ^
C:/Users/aliza/AppData/Local/Arm/Packs/Keil/LPC1700_DFP/2.7.2/Device/Include\LPC17xx.h(212): warning: anonymous unions are a C11 extension [-Wc11-extensions]
  union {
  ^
C:/Users/aliza/AppData/Local/Arm/Packs/Keil/LPC1700_DFP/2.7.2/Device/Include\LPC17xx.h(227): warning: anonymous structs are a C11 extension [-Wc11-extensions]
    struct {
    ^
C:/Users/aliza/AppData/Local/Arm/Packs/Keil/LPC1700_DFP/2.7.2/Device/Include\LPC17xx.h(231): warning: anonymous structs are a C11 extension [-Wc11-extensions]
    struct {
    ^
C:/Users/aliza/AppData/Local/Arm/Packs/Keil/LPC1700_DFP/2.7.2/Device/Include\LPC17xx.h(225): warning: anonymous unions are a C11 extension [-Wc11-extensions]
  union {
  ^
C:/Users/aliza/AppData/Local/Arm/Packs/Keil/LPC1700_DFP/2.7.2/Device/Include\LPC17xx.h(240): warning: anonymous structs are a C11 extension [-Wc11-extensions]
    struct {
    ^
C:/Users/aliza/AppData/Local/Arm/Packs/Keil/LPC1700_DFP/2.7.2/Device/Include\LPC17xx.h(244): warning: anonymous structs are a C11 extension [-Wc11-extensions]
    struct {
    ^
C:/Users/aliza/AppData/Local/Arm/Packs/Keil/LPC1700_DFP/2.7.2/Device/Include\LPC17xx.h(238): warning: anonymous unions are a C11 extension [-Wc11-extensions]
  union {
  ^
C:/Users/aliza/AppData/Local/Arm/Packs/Keil/LPC1700_DFP/2.7.2/Device/Include\LPC17xx.h(253): warning: anonymous structs are a C11 extension [-Wc11-extensions]
    struct {
    ^
C:/Users/aliza/AppData/Local/Arm/Packs/Keil/LPC1700_DFP/2.7.2/Device/Include\LPC17xx.h(257): warning: anonymous structs are a C11 extension [-Wc11-extensions]
    struct {
    ^
C:/Users/aliza/AppData/Local/Arm/Packs/Keil/LPC1700_DFP/2.7.2/Device/Include\LPC17xx.h(251): warning: anonymous unions are a C11 extension [-Wc11-extensions]
  union {
  ^
C:/Users/aliza/AppData/Local/Arm/Packs/Keil/LPC1700_DFP/2.7.2/Device/Include\LPC17xx.h(339): warning: anonymous unions are a C11 extension [-Wc11-extensions]
  union {
  ^
C:/Users/aliza/AppData/Local/Arm/Packs/Keil/LPC1700_DFP/2.7.2/Device/Include\LPC17xx.h(345): warning: anonymous unions are a C11 extension [-Wc11-extensions]
  union {
  ^
C:/Users/aliza/AppData/Local/Arm/Packs/Keil/LPC1700_DFP/2.7.2/Device/Include\LPC17xx.h(349): warning: anonymous unions are a C11 extension [-Wc11-extensions]
  union {
  ^
C:/Users/aliza/AppData/Local/Arm/Packs/Keil/LPC1700_DFP/2.7.2/Device/Include\LPC17xx.h(371): warning: anonymous unions are a C11 extension [-Wc11-extensions]
  union {
  ^
C:/Users/aliza/AppData/Local/Arm/Packs/Keil/LPC1700_DFP/2.7.2/Device/Include\LPC17xx.h(377): warning: anonymous unions are a C11 extension [-Wc11-extensions]
  union {
  ^
C:/Users/aliza/AppData/Local/Arm/Packs/Keil/LPC1700_DFP/2.7.2/Device/Include\LPC17xx.h(382): warning: anonymous unions are a C11 extension [-Wc11-extensions]
  union {
  ^
C:/Users/aliza/AppData/Local/Arm/Packs/Keil/LPC1700_DFP/2.7.2/Device/Include\LPC17xx.h(833): warning: anonymous unions are a C11 extension [-Wc11-extensions]
  union {
  ^
C:/Users/aliza/AppData/Local/Arm/Packs/Keil/LPC1700_DFP/2.7.2/Device/Include\LPC17xx.h(843): warning: anonymous unions are a C11 extension [-Wc11-extensions]
  union {
  ^
C:/Users/aliza/AppData/Local/Arm/Packs/Keil/LPC1700_DFP/2.7.2/Device/Include\LPC17xx.h(847): warning: anonymous unions are a C11 extension [-Wc11-extensions]
  union {
  ^
Button/IRQ_button.c(1): warning: In file included from...
Button/../Main.h(10): warning: In file included from...
Button/../DAC/DAC.h(3): warning: no newline at end of file [-Wnewline-eof]
void DAC_write(uint16_t value);
                               ^
Button/IRQ_button.c(1): warning: In file included from...
Button/../Main.h(11): warning: no newline at end of file [-Wnewline-eof]
#include <stdio.h>
                  ^
Button/IRQ_button.c(15): warning: use of GNU empty initializer extension [-Wgnu-empty-initializer]
signed char* array[MAX_LEN] ={};
                             ^
Button/IRQ_button.c(15): warning: no previous extern declaration for non-static variable 'array' [-Wmissing-variable-declarations]
signed char* array[MAX_LEN] ={};
             ^
Button/IRQ_button.c(15): note: declare 'static' if the variable is not intended to be used outside of this translation unit
signed char* array[MAX_LEN] ={};
^
Button/IRQ_button.c(16): warning: no previous extern declaration for non-static variable 'count' [-Wmissing-variable-declarations]
int count =0;
    ^
Button/IRQ_button.c(16): note: declare 'static' if the variable is not intended to be used outside of this translation unit
int count =0;
^
Button/IRQ_button.c(17): warning: type specifier missing, defaults to 'int' [-Wimplicit-int]
led4 = 1;
^
Button/IRQ_button.c(17): warning: no previous extern declaration for non-static variable 'led4' [-Wmissing-variable-declarations]
note: declare 'static' if the variable is not intended to be used outside of this translation unit
Button/IRQ_button.c(39): warning: incompatible integer to pointer conversion assigning to 'signed char *' from 'uint32_t' (aka 'unsigned int') [-Wint-conversion]
                array[count] = time;
                             ^ ~~~~
Button/IRQ_button.c(19): warning: no previous prototype for function 'EINT0_IRQHandler' [-Wmissing-prototypes]
void EINT0_IRQHandler (void)      
     ^
Button/IRQ_button.c(19): note: declare 'static' if the function is not intended to be used outside of this translation unit
void EINT0_IRQHandler (void)      
^
static 
Button/IRQ_button.c(82): warning: incompatible pointer types passing 'signed char *[15]' to parameter of type 'signed char *' [-Wincompatible-pointer-types]
        bubbleSort(array, MAX_LEN);
                   ^~~~~
Button/IRQ_button.c(18): note: passing argument to parameter 'arr' here
extern void bubbleSort(signed char* arr, int count);
                                    ^
34 warnings generated.
compiling IRQ_button.c...
linking...
Program Size: Code=2228 RO-data=268 RW-data=4 ZI-data=1200  
".\Objects\Template.axf" - 0 Error(s), 62 Warning(s).

<h2>Software Packages used:</h2>

Package Vendor: ARM
                https://www.keil.com/pack/ARM.CMSIS.6.1.0.pack
                ARM.CMSIS.6.1.0
                CMSIS (Common Microcontroller Software Interface Standard)
   * Component: CORE Version: 6.1.0

Package Vendor: Keil
                https://www.keil.com/pack/Keil.LPC1700_DFP.2.7.2.pack
                Keil.LPC1700_DFP.2.7.2
                NXP LPC1700 Series Device Support, Drivers and Examples for MCB1700 and LPC1788-32
   * Component: Startup Version: 1.0.0

<h2>Collection of Component include folders:</h2>
  ./RTE/Device/LPC1768
  ./RTE/_Target_1
  C:/Users/aliza/AppData/Local/Arm/Packs/ARM/CMSIS/6.1.0/CMSIS/Core/Include
  C:/Users/aliza/AppData/Local/Arm/Packs/Keil/LPC1700_DFP/2.7.2/Device/Include

<h2>Collection of Component Files used:</h2>

   * Component: ARM::CMSIS:CORE:6.1.0

   * Component: Keil::Device:Startup:1.0.0
      Source file:   Device/Source/ARM/startup_LPC17xx.s
      Source file:   Device/Source/system_LPC17xx.c
      Include file:  Device/Include/LPC17xx.h
      Include file:  RTE_Driver/Config/RTE_Device.h
Build Time Elapsed:  00:00:02
</pre>
</body>
</html>
