<html>
<body>
<pre>
<h1>µVision Build Log</h1>
<h2>Tool Versions:</h2>
IDE-Version: µVision V5.37.0.0
Copyright (C) 2022 ARM Ltd and ARM Germany GmbH. All rights reserved.
License Information: Leila Alizadeh, polito, LIC=VGXG8-3Y4UH-8TX3P-M2UMQ-VLY22-VPCLD
 
Tool Versions:
Toolchain:       MDK-ARM Plus  Version: 5.37.0.0
Toolchain Path:  C:\Keil_v5\ARM\ARMCLANG\Bin
C Compiler:      ArmClang.exe V6.18
Assembler:       Armasm.exe V6.18
Linker/Locator:  ArmLink.exe V6.18
Library Manager: ArmAr.exe V6.18
Hex Converter:   FromElf.exe V6.18
CPU DLL:         SARMCM3.DLL V5.37.0.0
Dialog DLL:      DARMP1.DLL V1.28.1.0
Target DLL:      UL2CM3.DLL V1.164.7.0
Dialog DLL:      TCM.DLL V1.56.1.0
 
<h2>Project:</h2>
D:\Uni\architecture\git\ARC\2025\20250129-A\Template\Template.uvprojx
Project File Date:  12/25/2025

<h2>Output:</h2>
*** Using Compiler 'V6.18', folder: 'C:\Keil_v5\ARM\ARMCLANG\Bin'
Build target 'Target_1'
Button/IRQ_button.c(1): warning: In file included from...
Button/../Main.h(1): warning: In file included from...
C:/Users/aliza/AppData/Local/Arm/Packs/Keil/LPC1700_DFP/2.7.2/Device/Include\LPC17xx.h(200): warning: anonymous structs are a C11 extension [-Wc11-extensions]
    struct {
    ^
C:/Users/aliza/AppData/Local/Arm/Packs/Keil/LPC1700_DFP/2.7.2/Device/Include\LPC17xx.h(204): warning: anonymous structs are a C11 extension [-Wc11-extensions]
    struct {
    ^
C:/Users/aliza/AppData/Local/Arm/Packs/Keil/LPC1700_DFP/2.7.2/Device/Include\LPC17xx.h(198): warning: anonymous unions are a C11 extension [-Wc11-extensions]
  union {
  ^
C:/Users/aliza/AppData/Local/Arm/Packs/Keil/LPC1700_DFP/2.7.2/Device/Include\LPC17xx.h(214): warning: anonymous structs are a C11 extension [-Wc11-extensions]
    struct {
    ^
C:/Users/aliza/AppData/Local/Arm/Packs/Keil/LPC1700_DFP/2.7.2/Device/Include\LPC17xx.h(218): warning: anonymous structs are a C11 extension [-Wc11-extensions]
    struct {
    ^
C:/Users/aliza/AppData/Local/Arm/Packs/Keil/LPC1700_DFP/2.7.2/Device/Include\LPC17xx.h(212): warning: anonymous unions are a C11 extension [-Wc11-extensions]
  union {
  ^
C:/Users/aliza/AppData/Local/Arm/Packs/Keil/LPC1700_DFP/2.7.2/Device/Include\LPC17xx.h(227): warning: anonymous structs are a C11 extension [-Wc11-extensions]
    struct {
    ^
C:/Users/aliza/AppData/Local/Arm/Packs/Keil/LPC1700_DFP/2.7.2/Device/Include\LPC17xx.h(231): warning: anonymous structs are a C11 extension [-Wc11-extensions]
    struct {
    ^
C:/Users/aliza/AppData/Local/Arm/Packs/Keil/LPC1700_DFP/2.7.2/Device/Include\LPC17xx.h(225): warning: anonymous unions are a C11 extension [-Wc11-extensions]
  union {
  ^
C:/Users/aliza/AppData/Local/Arm/Packs/Keil/LPC1700_DFP/2.7.2/Device/Include\LPC17xx.h(240): warning: anonymous structs are a C11 extension [-Wc11-extensions]
    struct {
    ^
C:/Users/aliza/AppData/Local/Arm/Packs/Keil/LPC1700_DFP/2.7.2/Device/Include\LPC17xx.h(244): warning: anonymous structs are a C11 extension [-Wc11-extensions]
    struct {
    ^
C:/Users/aliza/AppData/Local/Arm/Packs/Keil/LPC1700_DFP/2.7.2/Device/Include\LPC17xx.h(238): warning: anonymous unions are a C11 extension [-Wc11-extensions]
  union {
  ^
C:/Users/aliza/AppData/Local/Arm/Packs/Keil/LPC1700_DFP/2.7.2/Device/Include\LPC17xx.h(253): warning: anonymous structs are a C11 extension [-Wc11-extensions]
    struct {
    ^
C:/Users/aliza/AppData/Local/Arm/Packs/Keil/LPC1700_DFP/2.7.2/Device/Include\LPC17xx.h(257): warning: anonymous structs are a C11 extension [-Wc11-extensions]
    struct {
    ^
C:/Users/aliza/AppData/Local/Arm/Packs/Keil/LPC1700_DFP/2.7.2/Device/Include\LPC17xx.h(251): warning: anonymous unions are a C11 extension [-Wc11-extensions]
  union {
  ^
C:/Users/aliza/AppData/Local/Arm/Packs/Keil/LPC1700_DFP/2.7.2/Device/Include\LPC17xx.h(339): warning: anonymous unions are a C11 extension [-Wc11-extensions]
  union {
  ^
C:/Users/aliza/AppData/Local/Arm/Packs/Keil/LPC1700_DFP/2.7.2/Device/Include\LPC17xx.h(345): warning: anonymous unions are a C11 extension [-Wc11-extensions]
  union {
  ^
C:/Users/aliza/AppData/Local/Arm/Packs/Keil/LPC1700_DFP/2.7.2/Device/Include\LPC17xx.h(349): warning: anonymous unions are a C11 extension [-Wc11-extensions]
  union {
  ^
C:/Users/aliza/AppData/Local/Arm/Packs/Keil/LPC1700_DFP/2.7.2/Device/Include\LPC17xx.h(371): warning: anonymous unions are a C11 extension [-Wc11-extensions]
  union {
  ^
C:/Users/aliza/AppData/Local/Arm/Packs/Keil/LPC1700_DFP/2.7.2/Device/Include\LPC17xx.h(377): warning: anonymous unions are a C11 extension [-Wc11-extensions]
  union {
  ^
C:/Users/aliza/AppData/Local/Arm/Packs/Keil/LPC1700_DFP/2.7.2/Device/Include\LPC17xx.h(382): warning: anonymous unions are a C11 extension [-Wc11-extensions]
  union {
  ^
C:/Users/aliza/AppData/Local/Arm/Packs/Keil/LPC1700_DFP/2.7.2/Device/Include\LPC17xx.h(833): warning: anonymous unions are a C11 extension [-Wc11-extensions]
  union {
  ^
C:/Users/aliza/AppData/Local/Arm/Packs/Keil/LPC1700_DFP/2.7.2/Device/Include\LPC17xx.h(843): warning: anonymous unions are a C11 extension [-Wc11-extensions]
  union {
  ^
C:/Users/aliza/AppData/Local/Arm/Packs/Keil/LPC1700_DFP/2.7.2/Device/Include\LPC17xx.h(847): warning: anonymous unions are a C11 extension [-Wc11-extensions]
  union {
  ^
Button/IRQ_button.c(1): warning: In file included from...
Button/../Main.h(10): warning: In file included from...
Button/../DAC/DAC.h(3): warning: no newline at end of file [-Wnewline-eof]
void DAC_write(uint16_t value);
                               ^
Button/IRQ_button.c(1): warning: In file included from...
Button/../Main.h(11): warning: no newline at end of file [-Wnewline-eof]
#include <stdio.h>
                  ^
Button/IRQ_button.c(6): warning: excess elements in scalar initializer [-Wexcess-initializers]
const char array = {0x8F, 0xC7, 0xE3, 0xF1, 0xF8, 0x7C, 0x3E, 0x1F};
                          ^~~~
Button/IRQ_button.c(6): warning: no previous extern declaration for non-static variable 'array' [-Wmissing-variable-declarations]
const char array = {0x8F, 0xC7, 0xE3, 0xF1, 0xF8, 0x7C, 0x3E, 0x1F};
           ^
Button/IRQ_button.c(6): note: declare 'static' if the variable is not intended to be used outside of this translation unit
const char array = {0x8F, 0xC7, 0xE3, 0xF1, 0xF8, 0x7C, 0x3E, 0x1F};
      ^
Button/IRQ_button.c(19): warning: no previous prototype for function 'EINT0_IRQHandler' [-Wmissing-prototypes]
void EINT0_IRQHandler (void)      
     ^
Button/IRQ_button.c(19): note: declare 'static' if the function is not intended to be used outside of this translation unit
void EINT0_IRQHandler (void)      
^
static 
Button/IRQ_button.c(62): warning: incompatible integer to pointer conversion passing 'const char' to parameter of type 'char *' [-Wint-conversion]
        result = bitwiseAffineTransformation(array,XOR, 0x63);
                                             ^~~~~
Button/IRQ_button.c(7): note: passing argument to parameter 'array' here
extern int bitwiseAffineTransformation(char* array,int B,int C);
                                             ^
Button/IRQ_button.c(62): warning: implicit conversion loses integer precision: 'int' to 'uint8_t' (aka 'unsigned char') [-Wimplicit-int-conversion]
        result = bitwiseAffineTransformation(array,XOR, 0x63);
               ~ ^~~~~~~~~~~~~~~~~~~~~~~~~~~~~~~~~~~~~~~~~~~~
Button/IRQ_button.c(62): warning: implicit conversion changes signedness: 'uint32_t' (aka 'unsigned int') to 'int' [-Wsign-conversion]
        result = bitwiseAffineTransformation(array,XOR, 0x63);
                 ~~~~~~~~~~~~~~~~~~~~~~~~~~~       ^~~
Button/IRQ_button.c(63): warning: binary integer literals are a GNU extension [-Wgnu-binary-literal]
        init_timer_SRI(0,625000,0b011);                 //stop reset interrupt
                                ^
Button/IRQ_button.c(8): warning: no previous extern declaration for non-static variable 'XOR' [-Wmissing-variable-declarations]
uint32_t XOR;
         ^
Button/IRQ_button.c(8): note: declare 'static' if the variable is not intended to be used outside of this translation unit
uint32_t XOR;
^
Button/IRQ_button.c(9): warning: no previous extern declaration for non-static variable 'result' [-Wmissing-variable-declarations]
uint8_t result; 
        ^
Button/IRQ_button.c(9): note: declare 'static' if the variable is not intended to be used outside of this translation unit
uint8_t result; 
^
35 warnings generated.
compiling IRQ_button.c...
linking...
Program Size: Code=2196 RO-data=252 RW-data=0 ZI-data=1144  
".\Objects\Template.axf" - 0 Error(s), 35 Warning(s).

<h2>Software Packages used:</h2>

Package Vendor: ARM
                https://www.keil.com/pack/ARM.CMSIS.6.1.0.pack
                ARM.CMSIS.6.1.0
                CMSIS (Common Microcontroller Software Interface Standard)
   * Component: CORE Version: 6.1.0

Package Vendor: Keil
                https://www.keil.com/pack/Keil.LPC1700_DFP.2.7.2.pack
                Keil.LPC1700_DFP.2.7.2
                NXP LPC1700 Series Device Support, Drivers and Examples for MCB1700 and LPC1788-32
   * Component: Startup Version: 1.0.0

<h2>Collection of Component include folders:</h2>
  ./RTE/Device/LPC1768
  ./RTE/_Target_1
  C:/Users/aliza/AppData/Local/Arm/Packs/ARM/CMSIS/6.1.0/CMSIS/Core/Include
  C:/Users/aliza/AppData/Local/Arm/Packs/Keil/LPC1700_DFP/2.7.2/Device/Include

<h2>Collection of Component Files used:</h2>

   * Component: ARM::CMSIS:CORE:6.1.0

   * Component: Keil::Device:Startup:1.0.0
      Include file:  RTE_Driver/Config/RTE_Device.h
      Source file:   Device/Source/system_LPC17xx.c
      Source file:   Device/Source/ARM/startup_LPC17xx.s
      Include file:  Device/Include/LPC17xx.h
Build Time Elapsed:  00:00:01
</pre>
</body>
</html>
